[2023-09-27T02:50:05.717+0530][gc,heap] Heap region size: 1M
[2023-09-27T02:50:05.719+0530][gc     ] Using G1
[2023-09-27T02:50:05.719+0530][gc,heap,coops] Heap address: 0x0000000780000000, size: 1024 MB, Compressed Oops mode: Zero based, Oop shift amount: 3
[2023-09-27T02:50:06.261+0530][gc,start     ] GC(0) Pause Young (Concurrent Start) (Metadata GC Threshold)
[2023-09-27T02:50:06.262+0530][gc,task      ] GC(0) Using 8 workers of 8 for evacuation
[2023-09-27T02:50:06.266+0530][gc,phases    ] GC(0)   Pre Evacuate Collection Set: 0.0ms
[2023-09-27T02:50:06.266+0530][gc,phases    ] GC(0)   Evacuate Collection Set: 4.0ms
[2023-09-27T02:50:06.266+0530][gc,phases    ] GC(0)   Post Evacuate Collection Set: 0.2ms
[2023-09-27T02:50:06.266+0530][gc,phases    ] GC(0)   Other: 0.3ms
[2023-09-27T02:50:06.266+0530][gc,heap      ] GC(0) Eden regions: 44->0(44)
[2023-09-27T02:50:06.266+0530][gc,heap      ] GC(0) Survivor regions: 0->7(7)
[2023-09-27T02:50:06.266+0530][gc,heap      ] GC(0) Old regions: 0->0
[2023-09-27T02:50:06.266+0530][gc,heap      ] GC(0) Humongous regions: 0->0
[2023-09-27T02:50:06.266+0530][gc,metaspace ] GC(0) Metaspace: 20586K(21248K)->20586K(21248K) NonClass: 18261K(18688K)->18261K(18688K) Class: 2324K(2560K)->2324K(2560K)
[2023-09-27T02:50:06.266+0530][gc           ] GC(0) Pause Young (Concurrent Start) (Metadata GC Threshold) 43M->6M(1024M) 4.659ms
[2023-09-27T02:50:06.266+0530][gc,cpu       ] GC(0) User=0.02s Sys=0.00s Real=0.00s
[2023-09-27T02:50:06.266+0530][gc           ] GC(1) Concurrent Cycle
[2023-09-27T02:50:06.266+0530][gc,marking   ] GC(1) Concurrent Clear Claimed Marks
[2023-09-27T02:50:06.266+0530][gc,marking   ] GC(1) Concurrent Clear Claimed Marks 0.011ms
[2023-09-27T02:50:06.266+0530][gc,marking   ] GC(1) Concurrent Scan Root Regions
[2023-09-27T02:50:06.267+0530][gc,marking   ] GC(1) Concurrent Scan Root Regions 1.083ms
[2023-09-27T02:50:06.267+0530][gc,marking   ] GC(1) Concurrent Mark (0.554s)
[2023-09-27T02:50:06.267+0530][gc,marking   ] GC(1) Concurrent Mark From Roots
[2023-09-27T02:50:06.267+0530][gc,task      ] GC(1) Using 2 workers of 2 for marking
[2023-09-27T02:50:06.267+0530][gc,marking   ] GC(1) Concurrent Mark From Roots 0.094ms
[2023-09-27T02:50:06.267+0530][gc,marking   ] GC(1) Concurrent Preclean
[2023-09-27T02:50:06.267+0530][gc,marking   ] GC(1) Concurrent Preclean 0.017ms
[2023-09-27T02:50:06.267+0530][gc,marking   ] GC(1) Concurrent Mark (0.554s, 0.554s) 0.133ms
[2023-09-27T02:50:06.267+0530][gc,start     ] GC(1) Pause Remark
[2023-09-27T02:50:06.268+0530][gc,stringtable] GC(1) Cleaned string and symbol table, strings: 7413 processed, 0 removed, symbols: 65121 processed, 34 removed
[2023-09-27T02:50:06.268+0530][gc            ] GC(1) Pause Remark 6M->6M(1024M) 1.035ms
[2023-09-27T02:50:06.268+0530][gc,cpu        ] GC(1) User=0.01s Sys=0.00s Real=0.00s
[2023-09-27T02:50:06.268+0530][gc,marking    ] GC(1) Concurrent Rebuild Remembered Sets
[2023-09-27T02:50:06.269+0530][gc,marking    ] GC(1) Concurrent Rebuild Remembered Sets 0.044ms
[2023-09-27T02:50:06.269+0530][gc,start      ] GC(1) Pause Cleanup
[2023-09-27T02:50:06.269+0530][gc            ] GC(1) Pause Cleanup 6M->6M(1024M) 0.082ms
[2023-09-27T02:50:06.269+0530][gc,cpu        ] GC(1) User=0.00s Sys=0.00s Real=0.00s
[2023-09-27T02:50:06.269+0530][gc,marking    ] GC(1) Concurrent Cleanup for Next Mark
[2023-09-27T02:50:06.270+0530][gc,marking    ] GC(1) Concurrent Cleanup for Next Mark 1.605ms
[2023-09-27T02:50:06.270+0530][gc            ] GC(1) Concurrent Cycle 4.274ms
[2023-09-27T02:50:06.733+0530][gc,start      ] GC(2) Pause Young (Normal) (G1 Evacuation Pause)
[2023-09-27T02:50:06.733+0530][gc,task       ] GC(2) Using 8 workers of 8 for evacuation
[2023-09-27T02:50:06.738+0530][gc,phases     ] GC(2)   Pre Evacuate Collection Set: 0.0ms
[2023-09-27T02:50:06.739+0530][gc,phases     ] GC(2)   Evacuate Collection Set: 4.7ms
[2023-09-27T02:50:06.739+0530][gc,phases     ] GC(2)   Post Evacuate Collection Set: 0.2ms
[2023-09-27T02:50:06.739+0530][gc,phases     ] GC(2)   Other: 0.1ms
[2023-09-27T02:50:06.739+0530][gc,heap       ] GC(2) Eden regions: 44->0(48)
[2023-09-27T02:50:06.739+0530][gc,heap       ] GC(2) Survivor regions: 7->3(7)
[2023-09-27T02:50:06.739+0530][gc,heap       ] GC(2) Old regions: 0->7
[2023-09-27T02:50:06.739+0530][gc,heap       ] GC(2) Humongous regions: 129->129
[2023-09-27T02:50:06.739+0530][gc,metaspace  ] GC(2) Metaspace: 30394K(31104K)->30394K(31104K) NonClass: 27008K(27392K)->27008K(27392K) Class: 3385K(3712K)->3385K(3712K)
[2023-09-27T02:50:06.739+0530][gc            ] GC(2) Pause Young (Normal) (G1 Evacuation Pause) 179M->138M(1024M) 5.124ms
[2023-09-27T02:50:06.739+0530][gc,cpu        ] GC(2) User=0.02s Sys=0.00s Real=0.00s
[2023-09-27T02:50:06.949+0530][gc,start      ] GC(3) Pause Young (Concurrent Start) (Metadata GC Threshold)
[2023-09-27T02:50:06.949+0530][gc,task       ] GC(3) Using 8 workers of 8 for evacuation
[2023-09-27T02:50:06.953+0530][gc,phases     ] GC(3)   Pre Evacuate Collection Set: 0.0ms
[2023-09-27T02:50:06.953+0530][gc,phases     ] GC(3)   Evacuate Collection Set: 3.2ms
[2023-09-27T02:50:06.953+0530][gc,phases     ] GC(3)   Post Evacuate Collection Set: 0.1ms
[2023-09-27T02:50:06.953+0530][gc,phases     ] GC(3)   Other: 0.1ms
[2023-09-27T02:50:06.953+0530][gc,heap       ] GC(3) Eden regions: 27->0(46)
[2023-09-27T02:50:06.953+0530][gc,heap       ] GC(3) Survivor regions: 3->5(7)
[2023-09-27T02:50:06.953+0530][gc,heap       ] GC(3) Old regions: 7->7
[2023-09-27T02:50:06.953+0530][gc,heap       ] GC(3) Humongous regions: 129->129
[2023-09-27T02:50:06.953+0530][gc,metaspace  ] GC(3) Metaspace: 34930K(35840K)->34930K(35840K) NonClass: 31026K(31488K)->31026K(31488K) Class: 3903K(4352K)->3903K(4352K)
[2023-09-27T02:50:06.953+0530][gc            ] GC(3) Pause Young (Concurrent Start) (Metadata GC Threshold) 164M->140M(1024M) 3.532ms
[2023-09-27T02:50:06.953+0530][gc,cpu        ] GC(3) User=0.02s Sys=0.00s Real=0.01s
[2023-09-27T02:50:06.953+0530][gc            ] GC(4) Concurrent Cycle
[2023-09-27T02:50:06.953+0530][gc,marking    ] GC(4) Concurrent Clear Claimed Marks
[2023-09-27T02:50:06.953+0530][gc,marking    ] GC(4) Concurrent Clear Claimed Marks 0.014ms
[2023-09-27T02:50:06.953+0530][gc,marking    ] GC(4) Concurrent Scan Root Regions
[2023-09-27T02:50:06.954+0530][gc,marking    ] GC(4) Concurrent Scan Root Regions 1.290ms
[2023-09-27T02:50:06.954+0530][gc,marking    ] GC(4) Concurrent Mark (1.241s)
[2023-09-27T02:50:06.954+0530][gc,marking    ] GC(4) Concurrent Mark From Roots
[2023-09-27T02:50:06.954+0530][gc,task       ] GC(4) Using 2 workers of 2 for marking
[2023-09-27T02:50:06.957+0530][gc,marking    ] GC(4) Concurrent Mark From Roots 2.834ms
[2023-09-27T02:50:06.957+0530][gc,marking    ] GC(4) Concurrent Preclean
[2023-09-27T02:50:06.957+0530][gc,marking    ] GC(4) Concurrent Preclean 0.029ms
[2023-09-27T02:50:06.957+0530][gc,marking    ] GC(4) Concurrent Mark (1.241s, 1.244s) 2.897ms
[2023-09-27T02:50:06.957+0530][gc,start      ] GC(4) Pause Remark
[2023-09-27T02:50:06.958+0530][gc,stringtable] GC(4) Cleaned string and symbol table, strings: 13914 processed, 8 removed, symbols: 102584 processed, 33 removed
[2023-09-27T02:50:06.958+0530][gc            ] GC(4) Pause Remark 141M->141M(1024M) 1.242ms
[2023-09-27T02:50:06.958+0530][gc,cpu        ] GC(4) User=0.01s Sys=0.00s Real=0.00s
[2023-09-27T02:50:06.958+0530][gc,marking    ] GC(4) Concurrent Rebuild Remembered Sets
[2023-09-27T02:50:06.961+0530][gc,marking    ] GC(4) Concurrent Rebuild Remembered Sets 2.381ms
[2023-09-27T02:50:06.964+0530][gc,start      ] GC(4) Pause Cleanup
[2023-09-27T02:50:06.964+0530][gc            ] GC(4) Pause Cleanup 141M->141M(1024M) 0.085ms
[2023-09-27T02:50:06.964+0530][gc,cpu        ] GC(4) User=0.00s Sys=0.00s Real=0.00s
[2023-09-27T02:50:06.964+0530][gc,marking    ] GC(4) Concurrent Cleanup for Next Mark
[2023-09-27T02:50:06.965+0530][gc,marking    ] GC(4) Concurrent Cleanup for Next Mark 1.514ms
[2023-09-27T02:50:06.968+0530][gc            ] GC(4) Concurrent Cycle 15.150ms
[2023-09-27T03:19:09.460+0530][gc,start      ] GC(5) Pause Young (Normal) (G1 Evacuation Pause)
[2023-09-27T03:19:09.462+0530][gc,task       ] GC(5) Using 8 workers of 8 for evacuation
[2023-09-27T03:19:09.475+0530][gc,phases     ] GC(5)   Pre Evacuate Collection Set: 0.2ms
[2023-09-27T03:19:09.475+0530][gc,phases     ] GC(5)   Evacuate Collection Set: 11.6ms
[2023-09-27T03:19:09.475+0530][gc,phases     ] GC(5)   Post Evacuate Collection Set: 0.6ms
[2023-09-27T03:19:09.475+0530][gc,phases     ] GC(5)   Other: 2.3ms
[2023-09-27T03:19:09.475+0530][gc,heap       ] GC(5) Eden regions: 46->0(46)
[2023-09-27T03:19:09.475+0530][gc,heap       ] GC(5) Survivor regions: 5->5(7)
[2023-09-27T03:19:09.475+0530][gc,heap       ] GC(5) Old regions: 7->9
[2023-09-27T03:19:09.475+0530][gc,heap       ] GC(5) Humongous regions: 129->129
[2023-09-27T03:19:09.475+0530][gc,metaspace  ] GC(5) Metaspace: 40775K(42112K)->40775K(42112K) NonClass: 36173K(36864K)->36173K(36864K) Class: 4601K(5248K)->4601K(5248K)
[2023-09-27T03:19:09.475+0530][gc            ] GC(5) Pause Young (Normal) (G1 Evacuation Pause) 186M->141M(1024M) 14.719ms
[2023-09-27T03:19:09.475+0530][gc,cpu        ] GC(5) User=0.04s Sys=0.01s Real=0.01s
[2023-09-27T13:36:56.355+0530][gc,start      ] GC(6) Pause Young (Normal) (G1 Evacuation Pause)
[2023-09-27T13:36:56.356+0530][gc,task       ] GC(6) Using 8 workers of 8 for evacuation
[2023-09-27T13:36:56.369+0530][gc,phases     ] GC(6)   Pre Evacuate Collection Set: 0.2ms
[2023-09-27T13:36:56.369+0530][gc,phases     ] GC(6)   Evacuate Collection Set: 12.3ms
[2023-09-27T13:36:56.369+0530][gc,phases     ] GC(6)   Post Evacuate Collection Set: 0.6ms
[2023-09-27T13:36:56.369+0530][gc,phases     ] GC(6)   Other: 1.2ms
[2023-09-27T13:36:56.369+0530][gc,heap       ] GC(6) Eden regions: 46->0(49)
[2023-09-27T13:36:56.369+0530][gc,heap       ] GC(6) Survivor regions: 5->2(7)
[2023-09-27T13:36:56.369+0530][gc,heap       ] GC(6) Old regions: 9->12
[2023-09-27T13:36:56.369+0530][gc,heap       ] GC(6) Humongous regions: 129->129
[2023-09-27T13:36:56.369+0530][gc,metaspace  ] GC(6) Metaspace: 40953K(42368K)->40953K(42368K) NonClass: 36352K(37120K)->36352K(37120K) Class: 4601K(5248K)->4601K(5248K)
[2023-09-27T13:36:56.369+0530][gc            ] GC(6) Pause Young (Normal) (G1 Evacuation Pause) 187M->141M(1024M) 14.414ms
[2023-09-27T13:36:56.369+0530][gc,cpu        ] GC(6) User=0.03s Sys=0.01s Real=0.01s
[2023-09-28T08:50:42.544+0530][gc,start      ] GC(7) Pause Young (Normal) (G1 Evacuation Pause)
[2023-09-28T08:50:42.545+0530][gc,task       ] GC(7) Using 8 workers of 8 for evacuation
[2023-09-28T08:50:42.569+0530][gc,mmu        ] GC(7) MMU target violated: 21.0ms (20.0ms/21.0ms)
[2023-09-28T08:50:42.569+0530][gc,phases     ] GC(7)   Pre Evacuate Collection Set: 0.3ms
[2023-09-28T08:50:42.569+0530][gc,phases     ] GC(7)   Evacuate Collection Set: 22.9ms
[2023-09-28T08:50:42.570+0530][gc,phases     ] GC(7)   Post Evacuate Collection Set: 0.6ms
[2023-09-28T08:50:42.570+0530][gc,phases     ] GC(7)   Other: 1.3ms
[2023-09-28T08:50:42.570+0530][gc,heap       ] GC(7) Eden regions: 49->0(49)
[2023-09-28T08:50:42.570+0530][gc,heap       ] GC(7) Survivor regions: 2->2(7)
[2023-09-28T08:50:42.570+0530][gc,heap       ] GC(7) Old regions: 12->12
[2023-09-28T08:50:42.570+0530][gc,heap       ] GC(7) Humongous regions: 129->129
[2023-09-28T08:50:42.570+0530][gc,metaspace  ] GC(7) Metaspace: 41129K(42624K)->41129K(42624K) NonClass: 36503K(37376K)->36503K(37376K) Class: 4626K(5248K)->4626K(5248K)
[2023-09-28T08:50:42.570+0530][gc            ] GC(7) Pause Young (Normal) (G1 Evacuation Pause) 190M->141M(1024M) 25.211ms
[2023-09-28T08:50:42.570+0530][gc,cpu        ] GC(7) User=0.02s Sys=0.01s Real=0.03s
[2023-09-28T21:59:28.369+0530][gc,start      ] GC(8) Pause Young (Normal) (G1 Evacuation Pause)
[2023-09-28T21:59:28.370+0530][gc,task       ] GC(8) Using 8 workers of 8 for evacuation
[2023-09-28T21:59:28.380+0530][gc,phases     ] GC(8)   Pre Evacuate Collection Set: 0.2ms
[2023-09-28T21:59:28.380+0530][gc,phases     ] GC(8)   Evacuate Collection Set: 8.4ms
[2023-09-28T21:59:28.380+0530][gc,phases     ] GC(8)   Post Evacuate Collection Set: 0.6ms
[2023-09-28T21:59:28.380+0530][gc,phases     ] GC(8)   Other: 1.1ms
[2023-09-28T21:59:28.380+0530][gc,heap       ] GC(8) Eden regions: 49->0(52)
[2023-09-28T21:59:28.380+0530][gc,heap       ] GC(8) Survivor regions: 2->2(7)
[2023-09-28T21:59:28.380+0530][gc,heap       ] GC(8) Old regions: 12->12
[2023-09-28T21:59:28.380+0530][gc,heap       ] GC(8) Humongous regions: 129->129
[2023-09-28T21:59:28.380+0530][gc,metaspace  ] GC(8) Metaspace: 41256K(42624K)->41256K(42624K) NonClass: 36619K(37376K)->36619K(37376K) Class: 4637K(5248K)->4637K(5248K)
[2023-09-28T21:59:28.380+0530][gc            ] GC(8) Pause Young (Normal) (G1 Evacuation Pause) 190M->141M(1024M) 10.482ms
[2023-09-28T21:59:28.380+0530][gc,cpu        ] GC(8) User=0.01s Sys=0.01s Real=0.02s
[2023-09-29T00:15:16.527+0530][gc,start      ] GC(9) Pause Young (Normal) (G1 Evacuation Pause)
[2023-09-29T00:15:16.529+0530][gc,task       ] GC(9) Using 8 workers of 8 for evacuation
[2023-09-29T00:15:16.540+0530][gc,phases     ] GC(9)   Pre Evacuate Collection Set: 0.2ms
[2023-09-29T00:15:16.540+0530][gc,phases     ] GC(9)   Evacuate Collection Set: 9.2ms
[2023-09-29T00:15:16.540+0530][gc,phases     ] GC(9)   Post Evacuate Collection Set: 0.6ms
[2023-09-29T00:15:16.540+0530][gc,phases     ] GC(9)   Other: 2.4ms
[2023-09-29T00:15:16.540+0530][gc,heap       ] GC(9) Eden regions: 52->0(64)
[2023-09-29T00:15:16.540+0530][gc,heap       ] GC(9) Survivor regions: 2->2(7)
[2023-09-29T00:15:16.540+0530][gc,heap       ] GC(9) Old regions: 12->12
[2023-09-29T00:15:16.540+0530][gc,heap       ] GC(9) Humongous regions: 129->129
[2023-09-29T00:15:16.540+0530][gc,metaspace  ] GC(9) Metaspace: 41284K(42624K)->41284K(42624K) NonClass: 36647K(37376K)->36647K(37376K) Class: 4637K(5248K)->4637K(5248K)
[2023-09-29T00:15:16.540+0530][gc            ] GC(9) Pause Young (Normal) (G1 Evacuation Pause) 193M->141M(1024M) 12.553ms
[2023-09-29T00:15:16.540+0530][gc,cpu        ] GC(9) User=0.03s Sys=0.00s Real=0.02s
[2023-09-29T02:24:03.929+0530][gc,start      ] GC(10) Pause Young (Normal) (G1 Evacuation Pause)
[2023-09-29T02:24:03.929+0530][gc,task       ] GC(10) Using 8 workers of 8 for evacuation
[2023-09-29T02:24:03.939+0530][gc,phases     ] GC(10)   Pre Evacuate Collection Set: 0.3ms
[2023-09-29T02:24:03.939+0530][gc,phases     ] GC(10)   Evacuate Collection Set: 8.9ms
[2023-09-29T02:24:03.939+0530][gc,phases     ] GC(10)   Post Evacuate Collection Set: 0.5ms
[2023-09-29T02:24:03.939+0530][gc,phases     ] GC(10)   Other: 0.5ms
[2023-09-29T02:24:03.939+0530][gc,heap       ] GC(10) Eden regions: 64->0(79)
[2023-09-29T02:24:03.939+0530][gc,heap       ] GC(10) Survivor regions: 2->2(9)
[2023-09-29T02:24:03.939+0530][gc,heap       ] GC(10) Old regions: 12->12
[2023-09-29T02:24:03.939+0530][gc,heap       ] GC(10) Humongous regions: 129->129
[2023-09-29T02:24:03.939+0530][gc,metaspace  ] GC(10) Metaspace: 41309K(42624K)->41309K(42624K) NonClass: 36672K(37376K)->36672K(37376K) Class: 4637K(5248K)->4637K(5248K)
[2023-09-29T02:24:03.939+0530][gc            ] GC(10) Pause Young (Normal) (G1 Evacuation Pause) 205M->141M(1024M) 10.376ms
[2023-09-29T02:24:03.940+0530][gc,cpu        ] GC(10) User=0.02s Sys=0.00s Real=0.02s
[2023-09-29T19:33:38.388+0530][gc,start      ] GC(11) Pause Young (Normal) (G1 Evacuation Pause)
[2023-09-29T19:33:38.389+0530][gc,task       ] GC(11) Using 8 workers of 8 for evacuation
[2023-09-29T19:33:38.404+0530][gc,phases     ] GC(11)   Pre Evacuate Collection Set: 0.2ms
[2023-09-29T19:33:38.404+0530][gc,phases     ] GC(11)   Evacuate Collection Set: 13.8ms
[2023-09-29T19:33:38.404+0530][gc,phases     ] GC(11)   Post Evacuate Collection Set: 0.7ms
[2023-09-29T19:33:38.404+0530][gc,phases     ] GC(11)   Other: 1.3ms
[2023-09-29T19:33:38.404+0530][gc,heap       ] GC(11) Eden regions: 79->0(94)
[2023-09-29T19:33:38.404+0530][gc,heap       ] GC(11) Survivor regions: 2->2(11)
[2023-09-29T19:33:38.404+0530][gc,heap       ] GC(11) Old regions: 12->12
[2023-09-29T19:33:38.404+0530][gc,heap       ] GC(11) Humongous regions: 129->129
[2023-09-29T19:33:38.404+0530][gc,metaspace  ] GC(11) Metaspace: 41548K(43008K)->41548K(43008K) NonClass: 36858K(37632K)->36858K(37632K) Class: 4690K(5376K)->4690K(5376K)
[2023-09-29T19:33:38.404+0530][gc            ] GC(11) Pause Young (Normal) (G1 Evacuation Pause) 220M->141M(1024M) 16.181ms
[2023-09-29T19:33:38.404+0530][gc,cpu        ] GC(11) User=0.01s Sys=0.00s Real=0.02s
[2023-09-30T23:35:41.972+0530][gc,start      ] GC(12) Pause Young (Normal) (G1 Evacuation Pause)
[2023-09-30T23:35:41.974+0530][gc,task       ] GC(12) Using 8 workers of 8 for evacuation
[2023-09-30T23:35:41.992+0530][gc,phases     ] GC(12)   Pre Evacuate Collection Set: 3.6ms
[2023-09-30T23:35:41.992+0530][gc,phases     ] GC(12)   Evacuate Collection Set: 12.9ms
[2023-09-30T23:35:41.992+0530][gc,phases     ] GC(12)   Post Evacuate Collection Set: 0.7ms
[2023-09-30T23:35:41.992+0530][gc,phases     ] GC(12)   Other: 2.5ms
[2023-09-30T23:35:41.992+0530][gc,heap       ] GC(12) Eden regions: 94->0(106)
[2023-09-30T23:35:41.992+0530][gc,heap       ] GC(12) Survivor regions: 2->2(12)
[2023-09-30T23:35:41.992+0530][gc,heap       ] GC(12) Old regions: 12->12
[2023-09-30T23:35:41.992+0530][gc,heap       ] GC(12) Humongous regions: 129->129
[2023-09-30T23:35:41.992+0530][gc,metaspace  ] GC(12) Metaspace: 41558K(43008K)->41558K(43008K) NonClass: 36868K(37632K)->36868K(37632K) Class: 4690K(5376K)->4690K(5376K)
[2023-09-30T23:35:41.992+0530][gc            ] GC(12) Pause Young (Normal) (G1 Evacuation Pause) 235M->141M(1024M) 19.722ms
[2023-09-30T23:35:41.992+0530][gc,cpu        ] GC(12) User=0.03s Sys=0.01s Real=0.02s
[2023-10-01T00:57:18.596+0530][gc,start      ] GC(13) Pause Young (Normal) (G1 Evacuation Pause)
[2023-10-01T00:57:18.597+0530][gc,task       ] GC(13) Using 8 workers of 8 for evacuation
[2023-10-01T00:57:18.612+0530][gc,phases     ] GC(13)   Pre Evacuate Collection Set: 0.4ms
[2023-10-01T00:57:18.612+0530][gc,phases     ] GC(13)   Evacuate Collection Set: 13.4ms
[2023-10-01T00:57:18.612+0530][gc,phases     ] GC(13)   Post Evacuate Collection Set: 0.9ms
[2023-10-01T00:57:18.612+0530][gc,phases     ] GC(13)   Other: 1.8ms
[2023-10-01T00:57:18.612+0530][gc,heap       ] GC(13) Eden regions: 106->0(121)
[2023-10-01T00:57:18.612+0530][gc,heap       ] GC(13) Survivor regions: 2->2(14)
[2023-10-01T00:57:18.612+0530][gc,heap       ] GC(13) Old regions: 12->12
[2023-10-01T00:57:18.612+0530][gc,heap       ] GC(13) Humongous regions: 129->129
[2023-10-01T00:57:18.612+0530][gc,metaspace  ] GC(13) Metaspace: 41575K(43008K)->41575K(43008K) NonClass: 36885K(37632K)->36885K(37632K) Class: 4690K(5376K)->4690K(5376K)
[2023-10-01T00:57:18.612+0530][gc            ] GC(13) Pause Young (Normal) (G1 Evacuation Pause) 247M->141M(1024M) 16.713ms
[2023-10-01T00:57:18.612+0530][gc,cpu        ] GC(13) User=0.02s Sys=0.01s Real=0.02s
[2023-10-02T12:01:40.143+0530][gc,start      ] GC(14) Pause Young (Normal) (G1 Evacuation Pause)
[2023-10-02T12:01:40.144+0530][gc,task       ] GC(14) Using 8 workers of 8 for evacuation
[2023-10-02T12:01:40.161+0530][gc,phases     ] GC(14)   Pre Evacuate Collection Set: 0.7ms
[2023-10-02T12:01:40.161+0530][gc,phases     ] GC(14)   Evacuate Collection Set: 15.3ms
[2023-10-02T12:01:40.161+0530][gc,phases     ] GC(14)   Post Evacuate Collection Set: 0.7ms
[2023-10-02T12:01:40.161+0530][gc,phases     ] GC(14)   Other: 1.7ms
[2023-10-02T12:01:40.161+0530][gc,heap       ] GC(14) Eden regions: 121->0(137)
[2023-10-02T12:01:40.161+0530][gc,heap       ] GC(14) Survivor regions: 2->2(16)
[2023-10-02T12:01:40.161+0530][gc,heap       ] GC(14) Old regions: 12->12
[2023-10-02T12:01:40.161+0530][gc,heap       ] GC(14) Humongous regions: 129->129
[2023-10-02T12:01:40.161+0530][gc,metaspace  ] GC(14) Metaspace: 41620K(43008K)->41620K(43008K) NonClass: 36930K(37632K)->36930K(37632K) Class: 4690K(5376K)->4690K(5376K)
[2023-10-02T12:01:40.161+0530][gc            ] GC(14) Pause Young (Normal) (G1 Evacuation Pause) 262M->141M(1024M) 18.310ms
[2023-10-02T12:01:40.161+0530][gc,cpu        ] GC(14) User=0.03s Sys=0.01s Real=0.02s
[2023-10-02T14:22:04.497+0530][gc,start      ] GC(15) Pause Young (Normal) (G1 Evacuation Pause)
[2023-10-02T14:22:04.499+0530][gc,task       ] GC(15) Using 8 workers of 8 for evacuation
[2023-10-02T14:22:04.517+0530][gc,phases     ] GC(15)   Pre Evacuate Collection Set: 0.9ms
[2023-10-02T14:22:04.517+0530][gc,phases     ] GC(15)   Evacuate Collection Set: 16.1ms
[2023-10-02T14:22:04.517+0530][gc,phases     ] GC(15)   Post Evacuate Collection Set: 0.5ms
[2023-10-02T14:22:04.517+0530][gc,phases     ] GC(15)   Other: 2.6ms
[2023-10-02T14:22:04.517+0530][gc,heap       ] GC(15) Eden regions: 137->0(152)
[2023-10-02T14:22:04.517+0530][gc,heap       ] GC(15) Survivor regions: 2->4(18)
[2023-10-02T14:22:04.517+0530][gc,heap       ] GC(15) Old regions: 12->12
[2023-10-02T14:22:04.517+0530][gc,heap       ] GC(15) Humongous regions: 129->129
[2023-10-02T14:22:04.517+0530][gc,metaspace  ] GC(15) Metaspace: 42906K(44544K)->42906K(44544K) NonClass: 38068K(38912K)->38068K(38912K) Class: 4837K(5632K)->4837K(5632K)
[2023-10-02T14:22:04.517+0530][gc            ] GC(15) Pause Young (Normal) (G1 Evacuation Pause) 278M->144M(1024M) 19.985ms
[2023-10-02T14:22:04.517+0530][gc,cpu        ] GC(15) User=0.04s Sys=0.01s Real=0.02s
[2023-10-02T15:21:22.801+0530][gc,start      ] GC(16) Pause Young (Normal) (G1 Evacuation Pause)
[2023-10-02T15:21:22.802+0530][gc,task       ] GC(16) Using 8 workers of 8 for evacuation
[2023-10-02T15:21:22.823+0530][gc,mmu        ] GC(16) MMU target violated: 20.4ms (20.0ms/21.0ms)
[2023-10-02T15:21:22.823+0530][gc,phases     ] GC(16)   Pre Evacuate Collection Set: 0.2ms
[2023-10-02T15:21:22.823+0530][gc,phases     ] GC(16)   Evacuate Collection Set: 18.9ms
[2023-10-02T15:21:22.823+0530][gc,phases     ] GC(16)   Post Evacuate Collection Set: 0.8ms
[2023-10-02T15:21:22.823+0530][gc,phases     ] GC(16)   Other: 2.4ms
[2023-10-02T15:21:22.823+0530][gc,heap       ] GC(16) Eden regions: 152->0(610)
[2023-10-02T15:21:22.823+0530][gc,heap       ] GC(16) Survivor regions: 4->4(20)
[2023-10-02T15:21:22.823+0530][gc,heap       ] GC(16) Old regions: 12->12
[2023-10-02T15:21:22.823+0530][gc,heap       ] GC(16) Humongous regions: 129->129
[2023-10-02T15:21:22.823+0530][gc,metaspace  ] GC(16) Metaspace: 42920K(44544K)->42920K(44544K) NonClass: 38082K(38912K)->38082K(38912K) Class: 4838K(5632K)->4838K(5632K)
[2023-10-02T15:21:22.823+0530][gc            ] GC(16) Pause Young (Normal) (G1 Evacuation Pause) 296M->144M(1024M) 22.363ms
[2023-10-02T15:21:22.823+0530][gc,cpu        ] GC(16) User=0.04s Sys=0.02s Real=0.02s
[2023-10-03T05:35:16.706+0530][gc,start      ] GC(17) Pause Young (Normal) (G1 Evacuation Pause)
[2023-10-03T05:35:16.706+0530][gc,task       ] GC(17) Using 8 workers of 8 for evacuation
[2023-10-03T05:35:16.726+0530][gc,phases     ] GC(17)   Pre Evacuate Collection Set: 0.4ms
[2023-10-03T05:35:16.726+0530][gc,phases     ] GC(17)   Evacuate Collection Set: 17.7ms
[2023-10-03T05:35:16.726+0530][gc,phases     ] GC(17)   Post Evacuate Collection Set: 0.8ms
[2023-10-03T05:35:16.726+0530][gc,phases     ] GC(17)   Other: 1.6ms
[2023-10-03T05:35:16.726+0530][gc,heap       ] GC(17) Eden regions: 610->0(610)
[2023-10-03T05:35:16.726+0530][gc,heap       ] GC(17) Survivor regions: 4->4(77)
[2023-10-03T05:35:16.726+0530][gc,heap       ] GC(17) Old regions: 12->12
[2023-10-03T05:35:16.726+0530][gc,heap       ] GC(17) Humongous regions: 129->129
[2023-10-03T05:35:16.726+0530][gc,metaspace  ] GC(17) Metaspace: 42943K(44544K)->42943K(44544K) NonClass: 38105K(38912K)->38105K(38912K) Class: 4838K(5632K)->4838K(5632K)
[2023-10-03T05:35:16.726+0530][gc            ] GC(17) Pause Young (Normal) (G1 Evacuation Pause) 754M->143M(1024M) 20.465ms
[2023-10-03T05:35:16.726+0530][gc,cpu        ] GC(17) User=0.05s Sys=0.02s Real=0.02s
[2023-10-04T22:18:32.844+0530][gc,heap,exit  ] Heap
[2023-10-04T22:18:32.844+0530][gc,heap,exit  ]  garbage-first heap   total 1048576K, used 294600K [0x0000000780000000, 0x00000007c0000000)
[2023-10-04T22:18:32.844+0530][gc,heap,exit  ]   region size 1024K, 149 young (152576K), 4 survivors (4096K)
[2023-10-04T22:18:32.844+0530][gc,heap,exit  ]  Metaspace       used 43065K, capacity 44500K, committed 44800K, reserved 1089536K
[2023-10-04T22:18:32.844+0530][gc,heap,exit  ]   class space    used 4869K, capacity 5560K, committed 5632K, reserved 1048576K
