[2023-09-27T02:49:35.953+0530][gc,heap] Heap region size: 1M
[2023-09-27T02:49:35.955+0530][gc     ] Using G1
[2023-09-27T02:49:35.955+0530][gc,heap,coops] Heap address: 0x0000000780000000, size: 1024 MB, Compressed Oops mode: Zero based, Oop shift amount: 3
[2023-09-27T02:49:36.703+0530][gc,start     ] GC(0) Pause Young (Concurrent Start) (Metadata GC Threshold)
[2023-09-27T02:49:36.703+0530][gc,task      ] GC(0) Using 8 workers of 8 for evacuation
[2023-09-27T02:49:36.707+0530][gc,phases    ] GC(0)   Pre Evacuate Collection Set: 0.0ms
[2023-09-27T02:49:36.707+0530][gc,phases    ] GC(0)   Evacuate Collection Set: 3.5ms
[2023-09-27T02:49:36.707+0530][gc,phases    ] GC(0)   Post Evacuate Collection Set: 0.2ms
[2023-09-27T02:49:36.707+0530][gc,phases    ] GC(0)   Other: 0.4ms
[2023-09-27T02:49:36.707+0530][gc,heap      ] GC(0) Eden regions: 44->0(44)
[2023-09-27T02:49:36.707+0530][gc,heap      ] GC(0) Survivor regions: 0->7(7)
[2023-09-27T02:49:36.707+0530][gc,heap      ] GC(0) Old regions: 0->0
[2023-09-27T02:49:36.707+0530][gc,heap      ] GC(0) Humongous regions: 0->0
[2023-09-27T02:49:36.707+0530][gc,metaspace ] GC(0) Metaspace: 20591K(21248K)->20591K(21248K) NonClass: 18266K(18688K)->18266K(18688K) Class: 2324K(2560K)->2324K(2560K)
[2023-09-27T02:49:36.707+0530][gc           ] GC(0) Pause Young (Concurrent Start) (Metadata GC Threshold) 43M->6M(1024M) 4.201ms
[2023-09-27T02:49:36.707+0530][gc,cpu       ] GC(0) User=0.02s Sys=0.01s Real=0.00s
[2023-09-27T02:49:36.707+0530][gc           ] GC(1) Concurrent Cycle
[2023-09-27T02:49:36.707+0530][gc,marking   ] GC(1) Concurrent Clear Claimed Marks
[2023-09-27T02:49:36.707+0530][gc,marking   ] GC(1) Concurrent Clear Claimed Marks 0.013ms
[2023-09-27T02:49:36.707+0530][gc,marking   ] GC(1) Concurrent Scan Root Regions
[2023-09-27T02:49:36.708+0530][gc,marking   ] GC(1) Concurrent Scan Root Regions 1.158ms
[2023-09-27T02:49:36.708+0530][gc,marking   ] GC(1) Concurrent Mark (0.759s)
[2023-09-27T02:49:36.708+0530][gc,marking   ] GC(1) Concurrent Mark From Roots
[2023-09-27T02:49:36.708+0530][gc,task      ] GC(1) Using 2 workers of 2 for marking
[2023-09-27T02:49:36.709+0530][gc,marking   ] GC(1) Concurrent Mark From Roots 0.250ms
[2023-09-27T02:49:36.709+0530][gc,marking   ] GC(1) Concurrent Preclean
[2023-09-27T02:49:36.709+0530][gc,marking   ] GC(1) Concurrent Preclean 0.017ms
[2023-09-27T02:49:36.709+0530][gc,marking   ] GC(1) Concurrent Mark (0.759s, 0.759s) 0.285ms
[2023-09-27T02:49:36.709+0530][gc,start     ] GC(1) Pause Remark
[2023-09-27T02:49:36.710+0530][gc,stringtable] GC(1) Cleaned string and symbol table, strings: 7429 processed, 0 removed, symbols: 65148 processed, 33 removed
[2023-09-27T02:49:36.710+0530][gc            ] GC(1) Pause Remark 6M->6M(1024M) 1.004ms
[2023-09-27T02:49:36.710+0530][gc,cpu        ] GC(1) User=0.01s Sys=0.00s Real=0.01s
[2023-09-27T02:49:36.710+0530][gc,marking    ] GC(1) Concurrent Rebuild Remembered Sets
[2023-09-27T02:49:36.710+0530][gc,marking    ] GC(1) Concurrent Rebuild Remembered Sets 0.042ms
[2023-09-27T02:49:36.710+0530][gc,start      ] GC(1) Pause Cleanup
[2023-09-27T02:49:36.710+0530][gc            ] GC(1) Pause Cleanup 6M->6M(1024M) 0.096ms
[2023-09-27T02:49:36.710+0530][gc,cpu        ] GC(1) User=0.00s Sys=0.00s Real=0.00s
[2023-09-27T02:49:36.710+0530][gc,marking    ] GC(1) Concurrent Cleanup for Next Mark
[2023-09-27T02:49:36.712+0530][gc,marking    ] GC(1) Concurrent Cleanup for Next Mark 1.575ms
[2023-09-27T02:49:36.712+0530][gc            ] GC(1) Concurrent Cycle 4.480ms
[2023-09-27T02:49:37.256+0530][gc,start      ] GC(2) Pause Young (Normal) (G1 Evacuation Pause)
[2023-09-27T02:49:37.256+0530][gc,task       ] GC(2) Using 8 workers of 8 for evacuation
[2023-09-27T02:49:37.262+0530][gc,phases     ] GC(2)   Pre Evacuate Collection Set: 0.0ms
[2023-09-27T02:49:37.262+0530][gc,phases     ] GC(2)   Evacuate Collection Set: 5.8ms
[2023-09-27T02:49:37.262+0530][gc,phases     ] GC(2)   Post Evacuate Collection Set: 0.2ms
[2023-09-27T02:49:37.262+0530][gc,phases     ] GC(2)   Other: 0.1ms
[2023-09-27T02:49:37.262+0530][gc,heap       ] GC(2) Eden regions: 44->0(48)
[2023-09-27T02:49:37.262+0530][gc,heap       ] GC(2) Survivor regions: 7->3(7)
[2023-09-27T02:49:37.262+0530][gc,heap       ] GC(2) Old regions: 0->7
[2023-09-27T02:49:37.262+0530][gc,heap       ] GC(2) Humongous regions: 129->129
[2023-09-27T02:49:37.262+0530][gc,metaspace  ] GC(2) Metaspace: 30294K(31104K)->30294K(31104K) NonClass: 26894K(27392K)->26894K(27392K) Class: 3400K(3712K)->3400K(3712K)
[2023-09-27T02:49:37.262+0530][gc            ] GC(2) Pause Young (Normal) (G1 Evacuation Pause) 179M->137M(1024M) 6.203ms
[2023-09-27T02:49:37.262+0530][gc,cpu        ] GC(2) User=0.04s Sys=0.01s Real=0.01s
[2023-09-27T02:49:37.484+0530][gc,start      ] GC(3) Pause Young (Concurrent Start) (Metadata GC Threshold)
[2023-09-27T02:49:37.484+0530][gc,task       ] GC(3) Using 8 workers of 8 for evacuation
[2023-09-27T02:49:37.487+0530][gc,phases     ] GC(3)   Pre Evacuate Collection Set: 0.0ms
[2023-09-27T02:49:37.487+0530][gc,phases     ] GC(3)   Evacuate Collection Set: 3.2ms
[2023-09-27T02:49:37.487+0530][gc,phases     ] GC(3)   Post Evacuate Collection Set: 0.1ms
[2023-09-27T02:49:37.487+0530][gc,phases     ] GC(3)   Other: 0.1ms
[2023-09-27T02:49:37.487+0530][gc,heap       ] GC(3) Eden regions: 28->0(45)
[2023-09-27T02:49:37.487+0530][gc,heap       ] GC(3) Survivor regions: 3->6(7)
[2023-09-27T02:49:37.487+0530][gc,heap       ] GC(3) Old regions: 7->7
[2023-09-27T02:49:37.487+0530][gc,heap       ] GC(3) Humongous regions: 129->129
[2023-09-27T02:49:37.487+0530][gc,metaspace  ] GC(3) Metaspace: 34852K(35840K)->34852K(35840K) NonClass: 30948K(31488K)->30948K(31488K) Class: 3904K(4352K)->3904K(4352K)
[2023-09-27T02:49:37.488+0530][gc            ] GC(3) Pause Young (Concurrent Start) (Metadata GC Threshold) 164M->140M(1024M) 3.556ms
[2023-09-27T02:49:37.488+0530][gc,cpu        ] GC(3) User=0.02s Sys=0.00s Real=0.00s
[2023-09-27T02:49:37.488+0530][gc            ] GC(4) Concurrent Cycle
[2023-09-27T02:49:37.488+0530][gc,marking    ] GC(4) Concurrent Clear Claimed Marks
[2023-09-27T02:49:37.488+0530][gc,marking    ] GC(4) Concurrent Clear Claimed Marks 0.017ms
[2023-09-27T02:49:37.488+0530][gc,marking    ] GC(4) Concurrent Scan Root Regions
[2023-09-27T02:49:37.489+0530][gc,marking    ] GC(4) Concurrent Scan Root Regions 1.299ms
[2023-09-27T02:49:37.489+0530][gc,marking    ] GC(4) Concurrent Mark (1.540s)
[2023-09-27T02:49:37.489+0530][gc,marking    ] GC(4) Concurrent Mark From Roots
[2023-09-27T02:49:37.489+0530][gc,task       ] GC(4) Using 2 workers of 2 for marking
[2023-09-27T02:49:37.492+0530][gc,marking    ] GC(4) Concurrent Mark From Roots 3.309ms
[2023-09-27T02:49:37.492+0530][gc,marking    ] GC(4) Concurrent Preclean
[2023-09-27T02:49:37.492+0530][gc,marking    ] GC(4) Concurrent Preclean 0.035ms
[2023-09-27T02:49:37.492+0530][gc,marking    ] GC(4) Concurrent Mark (1.540s, 1.543s) 3.376ms
[2023-09-27T02:49:37.493+0530][gc,start      ] GC(4) Pause Remark
[2023-09-27T02:49:37.494+0530][gc,stringtable] GC(4) Cleaned string and symbol table, strings: 13882 processed, 9 removed, symbols: 103131 processed, 31 removed
[2023-09-27T02:49:37.494+0530][gc            ] GC(4) Pause Remark 141M->141M(1024M) 1.285ms
[2023-09-27T02:49:37.494+0530][gc,cpu        ] GC(4) User=0.00s Sys=0.00s Real=0.00s
[2023-09-27T02:49:37.494+0530][gc,marking    ] GC(4) Concurrent Rebuild Remembered Sets
[2023-09-27T02:49:37.496+0530][gc,marking    ] GC(4) Concurrent Rebuild Remembered Sets 2.229ms
[2023-09-27T02:49:37.496+0530][gc,start      ] GC(4) Pause Cleanup
[2023-09-27T02:49:37.496+0530][gc            ] GC(4) Pause Cleanup 142M->142M(1024M) 0.064ms
[2023-09-27T02:49:37.496+0530][gc,cpu        ] GC(4) User=0.00s Sys=0.00s Real=0.00s
[2023-09-27T02:49:37.496+0530][gc,marking    ] GC(4) Concurrent Cleanup for Next Mark
[2023-09-27T02:49:37.499+0530][gc,marking    ] GC(4) Concurrent Cleanup for Next Mark 2.248ms
[2023-09-27T02:49:37.499+0530][gc            ] GC(4) Concurrent Cycle 11.006ms
[2023-09-27T02:57:54.402+0530][gc,start      ] GC(5) Pause Young (Normal) (G1 Evacuation Pause)
[2023-09-27T02:57:54.404+0530][gc,task       ] GC(5) Using 8 workers of 8 for evacuation
[2023-09-27T02:57:54.422+0530][gc,phases     ] GC(5)   Pre Evacuate Collection Set: 0.2ms
[2023-09-27T02:57:54.422+0530][gc,phases     ] GC(5)   Evacuate Collection Set: 17.2ms
[2023-09-27T02:57:54.422+0530][gc,phases     ] GC(5)   Post Evacuate Collection Set: 0.5ms
[2023-09-27T02:57:54.422+0530][gc,phases     ] GC(5)   Other: 2.7ms
[2023-09-27T02:57:54.422+0530][gc,heap       ] GC(5) Eden regions: 45->0(45)
[2023-09-27T02:57:54.422+0530][gc,heap       ] GC(5) Survivor regions: 6->6(7)
[2023-09-27T02:57:54.422+0530][gc,heap       ] GC(5) Old regions: 7->9
[2023-09-27T02:57:54.422+0530][gc,heap       ] GC(5) Humongous regions: 129->129
[2023-09-27T02:57:54.422+0530][gc,metaspace  ] GC(5) Metaspace: 42615K(44544K)->42615K(44544K) NonClass: 37561K(38656K)->37561K(38656K) Class: 5053K(5888K)->5053K(5888K)
[2023-09-27T02:57:54.422+0530][gc            ] GC(5) Pause Young (Normal) (G1 Evacuation Pause) 185M->143M(1024M) 20.589ms
[2023-09-27T02:57:54.422+0530][gc,cpu        ] GC(5) User=0.03s Sys=0.00s Real=0.02s
[2023-09-27T10:56:08.326+0530][gc,start      ] GC(6) Pause Young (Normal) (G1 Evacuation Pause)
[2023-09-27T10:56:08.328+0530][gc,task       ] GC(6) Using 8 workers of 8 for evacuation
[2023-09-27T10:56:08.349+0530][gc,mmu        ] GC(6) MMU target violated: 20.2ms (20.0ms/21.0ms)
[2023-09-27T10:56:08.349+0530][gc,phases     ] GC(6)   Pre Evacuate Collection Set: 0.4ms
[2023-09-27T10:56:08.349+0530][gc,phases     ] GC(6)   Evacuate Collection Set: 18.8ms
[2023-09-27T10:56:08.349+0530][gc,phases     ] GC(6)   Post Evacuate Collection Set: 0.4ms
[2023-09-27T10:56:08.349+0530][gc,phases     ] GC(6)   Other: 3.3ms
[2023-09-27T10:56:08.349+0530][gc,heap       ] GC(6) Eden regions: 45->0(47)
[2023-09-27T10:56:08.349+0530][gc,heap       ] GC(6) Survivor regions: 6->4(7)
[2023-09-27T10:56:08.349+0530][gc,heap       ] GC(6) Old regions: 9->12
[2023-09-27T10:56:08.349+0530][gc,heap       ] GC(6) Humongous regions: 129->129
[2023-09-27T10:56:08.349+0530][gc,metaspace  ] GC(6) Metaspace: 42999K(44800K)->42999K(44800K) NonClass: 37941K(38912K)->37941K(38912K) Class: 5058K(5888K)->5058K(5888K)
[2023-09-27T10:56:08.349+0530][gc            ] GC(6) Pause Young (Normal) (G1 Evacuation Pause) 188M->144M(1024M) 22.877ms
[2023-09-27T10:56:08.349+0530][gc,cpu        ] GC(6) User=0.03s Sys=0.01s Real=0.02s
[2023-09-27T12:16:03.628+0530][gc,start      ] GC(7) Pause Young (Normal) (G1 Evacuation Pause)
[2023-09-27T12:16:03.629+0530][gc,task       ] GC(7) Using 8 workers of 8 for evacuation
[2023-09-27T12:16:03.647+0530][gc,phases     ] GC(7)   Pre Evacuate Collection Set: 0.2ms
[2023-09-27T12:16:03.647+0530][gc,phases     ] GC(7)   Evacuate Collection Set: 16.1ms
[2023-09-27T12:16:03.647+0530][gc,phases     ] GC(7)   Post Evacuate Collection Set: 0.5ms
[2023-09-27T12:16:03.647+0530][gc,phases     ] GC(7)   Other: 2.2ms
[2023-09-27T12:16:03.647+0530][gc,heap       ] GC(7) Eden regions: 47->0(47)
[2023-09-27T12:16:03.647+0530][gc,heap       ] GC(7) Survivor regions: 4->4(7)
[2023-09-27T12:16:03.647+0530][gc,heap       ] GC(7) Old regions: 12->12
[2023-09-27T12:16:03.647+0530][gc,heap       ] GC(7) Humongous regions: 129->129
[2023-09-27T12:16:03.647+0530][gc,metaspace  ] GC(7) Metaspace: 43053K(44800K)->43053K(44800K) NonClass: 37995K(38912K)->37995K(38912K) Class: 5058K(5888K)->5058K(5888K)
[2023-09-27T12:16:03.647+0530][gc            ] GC(7) Pause Young (Normal) (G1 Evacuation Pause) 191M->144M(1024M) 19.042ms
[2023-09-27T12:16:03.647+0530][gc,cpu        ] GC(7) User=0.04s Sys=0.00s Real=0.02s
[2023-09-27T17:32:01.540+0530][gc,start      ] GC(8) Pause Young (Normal) (G1 Evacuation Pause)
[2023-09-27T17:32:01.542+0530][gc,task       ] GC(8) Using 8 workers of 8 for evacuation
[2023-09-27T17:32:01.558+0530][gc,phases     ] GC(8)   Pre Evacuate Collection Set: 0.2ms
[2023-09-27T17:32:01.558+0530][gc,phases     ] GC(8)   Evacuate Collection Set: 14.7ms
[2023-09-27T17:32:01.558+0530][gc,phases     ] GC(8)   Post Evacuate Collection Set: 0.4ms
[2023-09-27T17:32:01.558+0530][gc,phases     ] GC(8)   Other: 2.5ms
[2023-09-27T17:32:01.558+0530][gc,heap       ] GC(8) Eden regions: 47->0(51)
[2023-09-27T17:32:01.558+0530][gc,heap       ] GC(8) Survivor regions: 4->2(7)
[2023-09-27T17:32:01.558+0530][gc,heap       ] GC(8) Old regions: 12->13
[2023-09-27T17:32:01.558+0530][gc,heap       ] GC(8) Humongous regions: 129->129
[2023-09-27T17:32:01.558+0530][gc,metaspace  ] GC(8) Metaspace: 43178K(45184K)->43178K(45184K) NonClass: 38096K(39168K)->38096K(39168K) Class: 5082K(6016K)->5082K(6016K)
[2023-09-27T17:32:01.558+0530][gc            ] GC(8) Pause Young (Normal) (G1 Evacuation Pause) 191M->143M(1024M) 17.919ms
[2023-09-27T17:32:01.558+0530][gc,cpu        ] GC(8) User=0.03s Sys=0.00s Real=0.01s
[2023-09-28T03:13:54.200+0530][gc,start      ] GC(9) Pause Young (Normal) (G1 Evacuation Pause)
[2023-09-28T03:13:54.201+0530][gc,task       ] GC(9) Using 8 workers of 8 for evacuation
[2023-09-28T03:13:54.216+0530][gc,phases     ] GC(9)   Pre Evacuate Collection Set: 0.3ms
[2023-09-28T03:13:54.216+0530][gc,phases     ] GC(9)   Evacuate Collection Set: 12.7ms
[2023-09-28T03:13:54.216+0530][gc,phases     ] GC(9)   Post Evacuate Collection Set: 1.1ms
[2023-09-28T03:13:54.216+0530][gc,phases     ] GC(9)   Other: 2.5ms
[2023-09-28T03:13:54.216+0530][gc,heap       ] GC(9) Eden regions: 51->0(101)
[2023-09-28T03:13:54.216+0530][gc,heap       ] GC(9) Survivor regions: 2->3(7)
[2023-09-28T03:13:54.216+0530][gc,heap       ] GC(9) Old regions: 13->13
[2023-09-28T03:13:54.216+0530][gc,heap       ] GC(9) Humongous regions: 129->129
[2023-09-28T03:13:54.216+0530][gc,metaspace  ] GC(9) Metaspace: 43226K(45184K)->43226K(45184K) NonClass: 38144K(39168K)->38144K(39168K) Class: 5082K(6016K)->5082K(6016K)
[2023-09-28T03:13:54.216+0530][gc            ] GC(9) Pause Young (Normal) (G1 Evacuation Pause) 194M->143M(1024M) 16.582ms
[2023-09-28T03:13:54.216+0530][gc,cpu        ] GC(9) User=0.02s Sys=0.01s Real=0.01s
[2023-09-28T23:00:40.932+0530][gc,start      ] GC(10) Pause Young (Normal) (G1 Evacuation Pause)
[2023-09-28T23:00:40.934+0530][gc,task       ] GC(10) Using 8 workers of 8 for evacuation
[2023-09-28T23:00:40.948+0530][gc,phases     ] GC(10)   Pre Evacuate Collection Set: 0.2ms
[2023-09-28T23:00:40.948+0530][gc,phases     ] GC(10)   Evacuate Collection Set: 12.8ms
[2023-09-28T23:00:40.948+0530][gc,phases     ] GC(10)   Post Evacuate Collection Set: 0.5ms
[2023-09-28T23:00:40.948+0530][gc,phases     ] GC(10)   Other: 2.2ms
[2023-09-28T23:00:40.948+0530][gc,heap       ] GC(10) Eden regions: 101->0(228)
[2023-09-28T23:00:40.948+0530][gc,heap       ] GC(10) Survivor regions: 3->3(13)
[2023-09-28T23:00:40.948+0530][gc,heap       ] GC(10) Old regions: 13->13
[2023-09-28T23:00:40.948+0530][gc,heap       ] GC(10) Humongous regions: 129->129
[2023-09-28T23:00:40.948+0530][gc,metaspace  ] GC(10) Metaspace: 43339K(45184K)->43339K(45184K) NonClass: 38257K(39168K)->38257K(39168K) Class: 5082K(6016K)->5082K(6016K)
[2023-09-28T23:00:40.948+0530][gc            ] GC(10) Pause Young (Normal) (G1 Evacuation Pause) 244M->144M(1024M) 15.886ms
[2023-09-28T23:00:40.948+0530][gc,cpu        ] GC(10) User=0.03s Sys=0.00s Real=0.01s
[2023-09-29T02:37:58.912+0530][gc,start      ] GC(11) Pause Young (Normal) (G1 Evacuation Pause)
[2023-09-29T02:37:58.914+0530][gc,task       ] GC(11) Using 8 workers of 8 for evacuation
[2023-09-29T02:37:58.928+0530][gc,phases     ] GC(11)   Pre Evacuate Collection Set: 0.6ms
[2023-09-29T02:37:58.928+0530][gc,phases     ] GC(11)   Evacuate Collection Set: 12.3ms
[2023-09-29T02:37:58.928+0530][gc,phases     ] GC(11)   Post Evacuate Collection Set: 0.7ms
[2023-09-29T02:37:58.928+0530][gc,phases     ] GC(11)   Other: 2.7ms
[2023-09-29T02:37:58.928+0530][gc,heap       ] GC(11) Eden regions: 228->0(364)
[2023-09-29T02:37:58.929+0530][gc,heap       ] GC(11) Survivor regions: 3->3(29)
[2023-09-29T02:37:58.929+0530][gc,heap       ] GC(11) Old regions: 13->13
[2023-09-29T02:37:58.929+0530][gc,heap       ] GC(11) Humongous regions: 129->129
[2023-09-29T02:37:58.929+0530][gc,metaspace  ] GC(11) Metaspace: 43462K(45440K)->43462K(45440K) NonClass: 38361K(39424K)->38361K(39424K) Class: 5100K(6016K)->5100K(6016K)
[2023-09-29T02:37:58.929+0530][gc            ] GC(11) Pause Young (Normal) (G1 Evacuation Pause) 372M->143M(1024M) 16.319ms
[2023-09-29T02:37:58.929+0530][gc,cpu        ] GC(11) User=0.02s Sys=0.00s Real=0.01s
[2023-10-01T00:19:22.629+0530][gc,start      ] GC(12) Pause Young (Normal) (G1 Evacuation Pause)
[2023-10-01T00:19:22.631+0530][gc,task       ] GC(12) Using 8 workers of 8 for evacuation
[2023-10-01T00:19:22.645+0530][gc,phases     ] GC(12)   Pre Evacuate Collection Set: 0.5ms
[2023-10-01T00:19:22.645+0530][gc,phases     ] GC(12)   Evacuate Collection Set: 12.1ms
[2023-10-01T00:19:22.645+0530][gc,phases     ] GC(12)   Post Evacuate Collection Set: 1.1ms
[2023-10-01T00:19:22.645+0530][gc,phases     ] GC(12)   Other: 3.0ms
[2023-10-01T00:19:22.645+0530][gc,heap       ] GC(12) Eden regions: 364->0(611)
[2023-10-01T00:19:22.645+0530][gc,heap       ] GC(12) Survivor regions: 3->3(46)
[2023-10-01T00:19:22.645+0530][gc,heap       ] GC(12) Old regions: 13->13
[2023-10-01T00:19:22.645+0530][gc,heap       ] GC(12) Humongous regions: 129->129
[2023-10-01T00:19:22.645+0530][gc,metaspace  ] GC(12) Metaspace: 43522K(45440K)->43522K(45440K) NonClass: 38421K(39424K)->38421K(39424K) Class: 5100K(6016K)->5100K(6016K)
[2023-10-01T00:19:22.645+0530][gc            ] GC(12) Pause Young (Normal) (G1 Evacuation Pause) 507M->144M(1024M) 16.820ms
[2023-10-01T00:19:22.645+0530][gc,cpu        ] GC(12) User=0.03s Sys=0.01s Real=0.02s
[2023-10-02T15:12:37.879+0530][gc,start      ] GC(13) Pause Young (Normal) (G1 Evacuation Pause)
[2023-10-02T15:12:37.881+0530][gc,task       ] GC(13) Using 8 workers of 8 for evacuation
[2023-10-02T15:12:37.900+0530][gc,phases     ] GC(13)   Pre Evacuate Collection Set: 0.3ms
[2023-10-02T15:12:37.900+0530][gc,phases     ] GC(13)   Evacuate Collection Set: 15.6ms
[2023-10-02T15:12:37.900+0530][gc,phases     ] GC(13)   Post Evacuate Collection Set: 1.3ms
[2023-10-02T15:12:37.900+0530][gc,phases     ] GC(13)   Other: 3.0ms
[2023-10-02T15:12:37.900+0530][gc,heap       ] GC(13) Eden regions: 611->0(611)
[2023-10-02T15:12:37.900+0530][gc,heap       ] GC(13) Survivor regions: 3->3(77)
[2023-10-02T15:12:37.900+0530][gc,heap       ] GC(13) Old regions: 13->13
[2023-10-02T15:12:37.900+0530][gc,heap       ] GC(13) Humongous regions: 129->129
[2023-10-02T15:12:37.900+0530][gc,metaspace  ] GC(13) Metaspace: 44338K(46336K)->44338K(46336K) NonClass: 39102K(40192K)->39102K(40192K) Class: 5236K(6144K)->5236K(6144K)
[2023-10-02T15:12:37.900+0530][gc            ] GC(13) Pause Young (Normal) (G1 Evacuation Pause) 755M->144M(1024M) 20.324ms
[2023-10-02T15:12:37.900+0530][gc,cpu        ] GC(13) User=0.03s Sys=0.01s Real=0.03s
[2023-10-03T00:54:23.204+0530][gc,start      ] GC(14) Pause Young (Normal) (G1 Evacuation Pause)
[2023-10-03T00:54:23.206+0530][gc,task       ] GC(14) Using 8 workers of 8 for evacuation
[2023-10-03T00:54:23.225+0530][gc,phases     ] GC(14)   Pre Evacuate Collection Set: 0.6ms
[2023-10-03T00:54:23.225+0530][gc,phases     ] GC(14)   Evacuate Collection Set: 16.2ms
[2023-10-03T00:54:23.225+0530][gc,phases     ] GC(14)   Post Evacuate Collection Set: 1.4ms
[2023-10-03T00:54:23.225+0530][gc,phases     ] GC(14)   Other: 3.0ms
[2023-10-03T00:54:23.225+0530][gc,heap       ] GC(14) Eden regions: 611->0(611)
[2023-10-03T00:54:23.225+0530][gc,heap       ] GC(14) Survivor regions: 3->3(77)
[2023-10-03T00:54:23.225+0530][gc,heap       ] GC(14) Old regions: 13->13
[2023-10-03T00:54:23.225+0530][gc,heap       ] GC(14) Humongous regions: 129->129
[2023-10-03T00:54:23.225+0530][gc,metaspace  ] GC(14) Metaspace: 44358K(46336K)->44358K(46336K) NonClass: 39122K(40192K)->39122K(40192K) Class: 5236K(6144K)->5236K(6144K)
[2023-10-03T00:54:23.225+0530][gc            ] GC(14) Pause Young (Normal) (G1 Evacuation Pause) 755M->143M(1024M) 21.223ms
[2023-10-03T00:54:23.225+0530][gc,cpu        ] GC(14) User=0.03s Sys=0.01s Real=0.02s
[2023-10-04T22:18:33.631+0530][gc,heap,exit  ] Heap
[2023-10-04T22:18:33.631+0530][gc,heap,exit  ]  garbage-first heap   total 1048576K, used 418697K [0x0000000780000000, 0x00000007c0000000)
[2023-10-04T22:18:33.631+0530][gc,heap,exit  ]   region size 1024K, 270 young (276480K), 3 survivors (3072K)
[2023-10-04T22:18:33.631+0530][gc,heap,exit  ]  Metaspace       used 44478K, capacity 46345K, committed 46464K, reserved 1089536K
[2023-10-04T22:18:33.631+0530][gc,heap,exit  ]   class space    used 5269K, capacity 6173K, committed 6272K, reserved 1048576K
