[2023-09-24T20:30:37.876+0530][gc,heap] Heap region size: 1M
[2023-09-24T20:30:37.878+0530][gc     ] Using G1
[2023-09-24T20:30:37.878+0530][gc,heap,coops] Heap address: 0x0000000780000000, size: 1024 MB, Compressed Oops mode: Zero based, Oop shift amount: 3
[2023-09-24T20:30:38.432+0530][gc,start     ] GC(0) Pause Young (Concurrent Start) (Metadata GC Threshold)
[2023-09-24T20:30:38.432+0530][gc,task      ] GC(0) Using 8 workers of 8 for evacuation
[2023-09-24T20:30:38.436+0530][gc,phases    ] GC(0)   Pre Evacuate Collection Set: 0.0ms
[2023-09-24T20:30:38.436+0530][gc,phases    ] GC(0)   Evacuate Collection Set: 3.5ms
[2023-09-24T20:30:38.436+0530][gc,phases    ] GC(0)   Post Evacuate Collection Set: 0.2ms
[2023-09-24T20:30:38.436+0530][gc,phases    ] GC(0)   Other: 0.3ms
[2023-09-24T20:30:38.436+0530][gc,heap      ] GC(0) Eden regions: 45->0(44)
[2023-09-24T20:30:38.436+0530][gc,heap      ] GC(0) Survivor regions: 0->7(7)
[2023-09-24T20:30:38.436+0530][gc,heap      ] GC(0) Old regions: 0->0
[2023-09-24T20:30:38.436+0530][gc,heap      ] GC(0) Humongous regions: 0->0
[2023-09-24T20:30:38.436+0530][gc,metaspace ] GC(0) Metaspace: 20857K(21248K)->20857K(21248K) NonClass: 18498K(18688K)->18498K(18688K) Class: 2359K(2560K)->2359K(2560K)
[2023-09-24T20:30:38.436+0530][gc           ] GC(0) Pause Young (Concurrent Start) (Metadata GC Threshold) 45M->6M(1024M) 4.164ms
[2023-09-24T20:30:38.436+0530][gc,cpu       ] GC(0) User=0.02s Sys=0.00s Real=0.00s
[2023-09-24T20:30:38.436+0530][gc           ] GC(1) Concurrent Cycle
[2023-09-24T20:30:38.436+0530][gc,marking   ] GC(1) Concurrent Clear Claimed Marks
[2023-09-24T20:30:38.436+0530][gc,marking   ] GC(1) Concurrent Clear Claimed Marks 0.013ms
[2023-09-24T20:30:38.436+0530][gc,marking   ] GC(1) Concurrent Scan Root Regions
[2023-09-24T20:30:38.437+0530][gc,marking   ] GC(1) Concurrent Scan Root Regions 1.111ms
[2023-09-24T20:30:38.437+0530][gc,marking   ] GC(1) Concurrent Mark (0.565s)
[2023-09-24T20:30:38.437+0530][gc,marking   ] GC(1) Concurrent Mark From Roots
[2023-09-24T20:30:38.437+0530][gc,task      ] GC(1) Using 2 workers of 2 for marking
[2023-09-24T20:30:38.438+0530][gc,marking   ] GC(1) Concurrent Mark From Roots 0.102ms
[2023-09-24T20:30:38.438+0530][gc,marking   ] GC(1) Concurrent Preclean
[2023-09-24T20:30:38.438+0530][gc,marking   ] GC(1) Concurrent Preclean 0.017ms
[2023-09-24T20:30:38.438+0530][gc,marking   ] GC(1) Concurrent Mark (0.565s, 0.565s) 0.141ms
[2023-09-24T20:30:38.438+0530][gc,start     ] GC(1) Pause Remark
[2023-09-24T20:30:38.439+0530][gc,stringtable] GC(1) Cleaned string and symbol table, strings: 7567 processed, 0 removed, symbols: 66175 processed, 32 removed
[2023-09-24T20:30:38.439+0530][gc            ] GC(1) Pause Remark 7M->7M(1024M) 1.024ms
[2023-09-24T20:30:38.439+0530][gc,cpu        ] GC(1) User=0.00s Sys=0.00s Real=0.00s
[2023-09-24T20:30:38.439+0530][gc,marking    ] GC(1) Concurrent Rebuild Remembered Sets
[2023-09-24T20:30:38.439+0530][gc,marking    ] GC(1) Concurrent Rebuild Remembered Sets 0.040ms
[2023-09-24T20:30:38.439+0530][gc,start      ] GC(1) Pause Cleanup
[2023-09-24T20:30:38.439+0530][gc            ] GC(1) Pause Cleanup 7M->7M(1024M) 0.099ms
[2023-09-24T20:30:38.439+0530][gc,cpu        ] GC(1) User=0.00s Sys=0.00s Real=0.00s
[2023-09-24T20:30:38.439+0530][gc,marking    ] GC(1) Concurrent Cleanup for Next Mark
[2023-09-24T20:30:38.441+0530][gc,marking    ] GC(1) Concurrent Cleanup for Next Mark 1.538ms
[2023-09-24T20:30:38.441+0530][gc            ] GC(1) Concurrent Cycle 4.317ms
[2023-09-24T20:30:38.903+0530][gc,start      ] GC(2) Pause Young (Normal) (G1 Evacuation Pause)
[2023-09-24T20:30:38.903+0530][gc,task       ] GC(2) Using 8 workers of 8 for evacuation
[2023-09-24T20:30:38.908+0530][gc,phases     ] GC(2)   Pre Evacuate Collection Set: 0.0ms
[2023-09-24T20:30:38.908+0530][gc,phases     ] GC(2)   Evacuate Collection Set: 4.4ms
[2023-09-24T20:30:38.908+0530][gc,phases     ] GC(2)   Post Evacuate Collection Set: 0.2ms
[2023-09-24T20:30:38.908+0530][gc,phases     ] GC(2)   Other: 0.1ms
[2023-09-24T20:30:38.908+0530][gc,heap       ] GC(2) Eden regions: 44->0(48)
[2023-09-24T20:30:38.908+0530][gc,heap       ] GC(2) Survivor regions: 7->3(7)
[2023-09-24T20:30:38.908+0530][gc,heap       ] GC(2) Old regions: 0->7
[2023-09-24T20:30:38.908+0530][gc,heap       ] GC(2) Humongous regions: 129->129
[2023-09-24T20:30:38.908+0530][gc,metaspace  ] GC(2) Metaspace: 30782K(31744K)->30782K(31744K) NonClass: 27294K(27904K)->27294K(27904K) Class: 3487K(3840K)->3487K(3840K)
[2023-09-24T20:30:38.908+0530][gc            ] GC(2) Pause Young (Normal) (G1 Evacuation Pause) 179M->137M(1024M) 4.873ms
[2023-09-24T20:30:38.908+0530][gc,cpu        ] GC(2) User=0.02s Sys=0.00s Real=0.00s
[2023-09-24T20:30:39.103+0530][gc,start      ] GC(3) Pause Young (Concurrent Start) (Metadata GC Threshold)
[2023-09-24T20:30:39.105+0530][gc,task       ] GC(3) Using 8 workers of 8 for evacuation
[2023-09-24T20:30:39.107+0530][gc,phases     ] GC(3)   Pre Evacuate Collection Set: 0.0ms
[2023-09-24T20:30:39.107+0530][gc,phases     ] GC(3)   Evacuate Collection Set: 1.9ms
[2023-09-24T20:30:39.107+0530][gc,phases     ] GC(3)   Post Evacuate Collection Set: 0.1ms
[2023-09-24T20:30:39.107+0530][gc,phases     ] GC(3)   Other: 2.6ms
[2023-09-24T20:30:39.107+0530][gc,heap       ] GC(3) Eden regions: 24->0(46)
[2023-09-24T20:30:39.107+0530][gc,heap       ] GC(3) Survivor regions: 3->5(7)
[2023-09-24T20:30:39.107+0530][gc,heap       ] GC(3) Old regions: 7->7
[2023-09-24T20:30:39.107+0530][gc,heap       ] GC(3) Humongous regions: 129->129
[2023-09-24T20:30:39.107+0530][gc,metaspace  ] GC(3) Metaspace: 34836K(35840K)->34836K(35840K) NonClass: 30931K(31488K)->30931K(31488K) Class: 3904K(4352K)->3904K(4352K)
[2023-09-24T20:30:39.108+0530][gc            ] GC(3) Pause Young (Concurrent Start) (Metadata GC Threshold) 161M->140M(1024M) 4.687ms
[2023-09-24T20:30:39.108+0530][gc,cpu        ] GC(3) User=0.01s Sys=0.00s Real=0.00s
[2023-09-24T20:30:39.108+0530][gc            ] GC(4) Concurrent Cycle
[2023-09-24T20:30:39.108+0530][gc,marking    ] GC(4) Concurrent Clear Claimed Marks
[2023-09-24T20:30:39.108+0530][gc,marking    ] GC(4) Concurrent Clear Claimed Marks 0.018ms
[2023-09-24T20:30:39.108+0530][gc,marking    ] GC(4) Concurrent Scan Root Regions
[2023-09-24T20:30:39.109+0530][gc,marking    ] GC(4) Concurrent Scan Root Regions 1.357ms
[2023-09-24T20:30:39.109+0530][gc,marking    ] GC(4) Concurrent Mark (1.236s)
[2023-09-24T20:30:39.109+0530][gc,marking    ] GC(4) Concurrent Mark From Roots
[2023-09-24T20:30:39.109+0530][gc,task       ] GC(4) Using 2 workers of 2 for marking
[2023-09-24T20:30:39.112+0530][gc,marking    ] GC(4) Concurrent Mark From Roots 3.134ms
[2023-09-24T20:30:39.112+0530][gc,marking    ] GC(4) Concurrent Preclean
[2023-09-24T20:30:39.112+0530][gc,marking    ] GC(4) Concurrent Preclean 0.042ms
[2023-09-24T20:30:39.112+0530][gc,marking    ] GC(4) Concurrent Mark (1.236s, 1.239s) 3.209ms
[2023-09-24T20:30:39.112+0530][gc,start      ] GC(4) Pause Remark
[2023-09-24T20:30:39.114+0530][gc,stringtable] GC(4) Cleaned string and symbol table, strings: 13860 processed, 8 removed, symbols: 102878 processed, 32 removed
[2023-09-24T20:30:39.114+0530][gc            ] GC(4) Pause Remark 141M->141M(1024M) 1.438ms
[2023-09-24T20:30:39.114+0530][gc,cpu        ] GC(4) User=0.00s Sys=0.00s Real=0.00s
[2023-09-24T20:30:39.114+0530][gc,marking    ] GC(4) Concurrent Rebuild Remembered Sets
[2023-09-24T20:30:39.116+0530][gc,marking    ] GC(4) Concurrent Rebuild Remembered Sets 2.138ms
[2023-09-24T20:30:39.116+0530][gc,start      ] GC(4) Pause Cleanup
[2023-09-24T20:30:39.116+0530][gc            ] GC(4) Pause Cleanup 141M->141M(1024M) 0.154ms
[2023-09-24T20:30:39.116+0530][gc,cpu        ] GC(4) User=0.00s Sys=0.00s Real=0.00s
[2023-09-24T20:30:39.116+0530][gc,marking    ] GC(4) Concurrent Cleanup for Next Mark
[2023-09-24T20:30:39.118+0530][gc,marking    ] GC(4) Concurrent Cleanup for Next Mark 1.715ms
[2023-09-24T20:30:39.118+0530][gc            ] GC(4) Concurrent Cycle 10.513ms
[2023-09-24T20:40:22.757+0530][gc,heap,exit  ] Heap
[2023-09-24T20:40:22.758+0530][gc,heap,exit  ]  garbage-first heap   total 1048576K, used 174215K [0x0000000780000000, 0x00000007c0000000)
[2023-09-24T20:40:22.758+0530][gc,heap,exit  ]   region size 1024K, 37 young (37888K), 5 survivors (5120K)
[2023-09-24T20:40:22.758+0530][gc,heap,exit  ]  Metaspace       used 39636K, capacity 40850K, committed 40960K, reserved 1085440K
[2023-09-24T20:40:22.758+0530][gc,heap,exit  ]   class space    used 4544K, capacity 5116K, committed 5120K, reserved 1048576K
