[2023-09-24T20:41:24.105+0530][gc,heap] Heap region size: 1M
[2023-09-24T20:41:24.107+0530][gc     ] Using G1
[2023-09-24T20:41:24.107+0530][gc,heap,coops] Heap address: 0x0000000780000000, size: 1024 MB, Compressed Oops mode: Zero based, Oop shift amount: 3
[2023-09-24T20:41:24.612+0530][gc,start     ] GC(0) Pause Young (Concurrent Start) (Metadata GC Threshold)
[2023-09-24T20:41:24.612+0530][gc,task      ] GC(0) Using 8 workers of 8 for evacuation
[2023-09-24T20:41:24.618+0530][gc,phases    ] GC(0)   Pre Evacuate Collection Set: 0.0ms
[2023-09-24T20:41:24.618+0530][gc,phases    ] GC(0)   Evacuate Collection Set: 5.9ms
[2023-09-24T20:41:24.618+0530][gc,phases    ] GC(0)   Post Evacuate Collection Set: 0.3ms
[2023-09-24T20:41:24.618+0530][gc,phases    ] GC(0)   Other: 0.4ms
[2023-09-24T20:41:24.618+0530][gc,heap      ] GC(0) Eden regions: 43->0(44)
[2023-09-24T20:41:24.618+0530][gc,heap      ] GC(0) Survivor regions: 0->7(7)
[2023-09-24T20:41:24.618+0530][gc,heap      ] GC(0) Old regions: 0->0
[2023-09-24T20:41:24.618+0530][gc,heap      ] GC(0) Humongous regions: 0->0
[2023-09-24T20:41:24.618+0530][gc,metaspace ] GC(0) Metaspace: 20589K(21248K)->20589K(21248K) NonClass: 18264K(18688K)->18264K(18688K) Class: 2325K(2560K)->2325K(2560K)
[2023-09-24T20:41:24.619+0530][gc           ] GC(0) Pause Young (Concurrent Start) (Metadata GC Threshold) 42M->6M(1024M) 6.733ms
[2023-09-24T20:41:24.619+0530][gc,cpu       ] GC(0) User=0.04s Sys=0.00s Real=0.00s
[2023-09-24T20:41:24.619+0530][gc           ] GC(1) Concurrent Cycle
[2023-09-24T20:41:24.619+0530][gc,marking   ] GC(1) Concurrent Clear Claimed Marks
[2023-09-24T20:41:24.619+0530][gc,marking   ] GC(1) Concurrent Clear Claimed Marks 0.013ms
[2023-09-24T20:41:24.619+0530][gc,marking   ] GC(1) Concurrent Scan Root Regions
[2023-09-24T20:41:24.620+0530][gc,marking   ] GC(1) Concurrent Scan Root Regions 1.092ms
[2023-09-24T20:41:24.620+0530][gc,marking   ] GC(1) Concurrent Mark (0.519s)
[2023-09-24T20:41:24.620+0530][gc,marking   ] GC(1) Concurrent Mark From Roots
[2023-09-24T20:41:24.620+0530][gc,task      ] GC(1) Using 2 workers of 2 for marking
[2023-09-24T20:41:24.620+0530][gc,marking   ] GC(1) Concurrent Mark From Roots 0.087ms
[2023-09-24T20:41:24.620+0530][gc,marking   ] GC(1) Concurrent Preclean
[2023-09-24T20:41:24.620+0530][gc,marking   ] GC(1) Concurrent Preclean 0.019ms
[2023-09-24T20:41:24.620+0530][gc,marking   ] GC(1) Concurrent Mark (0.519s, 0.519s) 0.139ms
[2023-09-24T20:41:24.620+0530][gc,start     ] GC(1) Pause Remark
[2023-09-24T20:41:24.621+0530][gc,stringtable] GC(1) Cleaned string and symbol table, strings: 7427 processed, 0 removed, symbols: 65121 processed, 34 removed
[2023-09-24T20:41:24.621+0530][gc            ] GC(1) Pause Remark 6M->6M(1024M) 1.068ms
[2023-09-24T20:41:24.621+0530][gc,cpu        ] GC(1) User=0.01s Sys=0.00s Real=0.00s
[2023-09-24T20:41:24.621+0530][gc,marking    ] GC(1) Concurrent Rebuild Remembered Sets
[2023-09-24T20:41:24.621+0530][gc,marking    ] GC(1) Concurrent Rebuild Remembered Sets 0.036ms
[2023-09-24T20:41:24.621+0530][gc,start      ] GC(1) Pause Cleanup
[2023-09-24T20:41:24.621+0530][gc            ] GC(1) Pause Cleanup 6M->6M(1024M) 0.090ms
[2023-09-24T20:41:24.621+0530][gc,cpu        ] GC(1) User=0.00s Sys=0.00s Real=0.00s
[2023-09-24T20:41:24.621+0530][gc,marking    ] GC(1) Concurrent Cleanup for Next Mark
[2023-09-24T20:41:24.623+0530][gc,marking    ] GC(1) Concurrent Cleanup for Next Mark 1.781ms
[2023-09-24T20:41:24.623+0530][gc            ] GC(1) Concurrent Cycle 4.549ms
[2023-09-24T20:41:24.975+0530][gc,start      ] GC(2) Pause Young (Normal) (G1 Evacuation Pause)
[2023-09-24T20:41:24.975+0530][gc,task       ] GC(2) Using 8 workers of 8 for evacuation
[2023-09-24T20:41:24.980+0530][gc,phases     ] GC(2)   Pre Evacuate Collection Set: 0.0ms
[2023-09-24T20:41:24.980+0530][gc,phases     ] GC(2)   Evacuate Collection Set: 4.8ms
[2023-09-24T20:41:24.980+0530][gc,phases     ] GC(2)   Post Evacuate Collection Set: 0.2ms
[2023-09-24T20:41:24.980+0530][gc,phases     ] GC(2)   Other: 0.1ms
[2023-09-24T20:41:24.980+0530][gc,heap       ] GC(2) Eden regions: 44->0(48)
[2023-09-24T20:41:24.980+0530][gc,heap       ] GC(2) Survivor regions: 7->3(7)
[2023-09-24T20:41:24.980+0530][gc,heap       ] GC(2) Old regions: 0->7
[2023-09-24T20:41:24.980+0530][gc,heap       ] GC(2) Humongous regions: 129->129
[2023-09-24T20:41:24.980+0530][gc,metaspace  ] GC(2) Metaspace: 30284K(31104K)->30284K(31104K) NonClass: 26901K(27392K)->26901K(27392K) Class: 3383K(3712K)->3383K(3712K)
[2023-09-24T20:41:24.980+0530][gc            ] GC(2) Pause Young (Normal) (G1 Evacuation Pause) 179M->137M(1024M) 5.293ms
[2023-09-24T20:41:24.980+0530][gc,cpu        ] GC(2) User=0.02s Sys=0.00s Real=0.01s
[2023-09-24T20:41:25.192+0530][gc,start      ] GC(3) Pause Young (Concurrent Start) (Metadata GC Threshold)
[2023-09-24T20:41:25.192+0530][gc,task       ] GC(3) Using 8 workers of 8 for evacuation
[2023-09-24T20:41:25.194+0530][gc,phases     ] GC(3)   Pre Evacuate Collection Set: 0.0ms
[2023-09-24T20:41:25.194+0530][gc,phases     ] GC(3)   Evacuate Collection Set: 1.8ms
[2023-09-24T20:41:25.194+0530][gc,phases     ] GC(3)   Post Evacuate Collection Set: 0.2ms
[2023-09-24T20:41:25.194+0530][gc,phases     ] GC(3)   Other: 0.1ms
[2023-09-24T20:41:25.194+0530][gc,heap       ] GC(3) Eden regions: 28->0(46)
[2023-09-24T20:41:25.194+0530][gc,heap       ] GC(3) Survivor regions: 3->5(7)
[2023-09-24T20:41:25.194+0530][gc,heap       ] GC(3) Old regions: 7->7
[2023-09-24T20:41:25.194+0530][gc,heap       ] GC(3) Humongous regions: 129->129
[2023-09-24T20:41:25.194+0530][gc,metaspace  ] GC(3) Metaspace: 34939K(35840K)->34939K(35840K) NonClass: 31031K(31488K)->31031K(31488K) Class: 3907K(4352K)->3907K(4352K)
[2023-09-24T20:41:25.194+0530][gc            ] GC(3) Pause Young (Concurrent Start) (Metadata GC Threshold) 165M->140M(1024M) 2.273ms
[2023-09-24T20:41:25.194+0530][gc,cpu        ] GC(3) User=0.01s Sys=0.00s Real=0.00s
[2023-09-24T20:41:25.194+0530][gc            ] GC(4) Concurrent Cycle
[2023-09-24T20:41:25.194+0530][gc,marking    ] GC(4) Concurrent Clear Claimed Marks
[2023-09-24T20:41:25.194+0530][gc,marking    ] GC(4) Concurrent Clear Claimed Marks 0.022ms
[2023-09-24T20:41:25.194+0530][gc,marking    ] GC(4) Concurrent Scan Root Regions
[2023-09-24T20:41:25.195+0530][gc,marking    ] GC(4) Concurrent Scan Root Regions 1.334ms
[2023-09-24T20:41:25.195+0530][gc,marking    ] GC(4) Concurrent Mark (1.094s)
[2023-09-24T20:41:25.195+0530][gc,marking    ] GC(4) Concurrent Mark From Roots
[2023-09-24T20:41:25.195+0530][gc,task       ] GC(4) Using 2 workers of 2 for marking
[2023-09-24T20:41:25.199+0530][gc,marking    ] GC(4) Concurrent Mark From Roots 3.675ms
[2023-09-24T20:41:25.199+0530][gc,marking    ] GC(4) Concurrent Preclean
[2023-09-24T20:41:25.199+0530][gc,marking    ] GC(4) Concurrent Preclean 0.042ms
[2023-09-24T20:41:25.199+0530][gc,marking    ] GC(4) Concurrent Mark (1.094s, 1.098s) 3.746ms
[2023-09-24T20:41:25.199+0530][gc,start      ] GC(4) Pause Remark
[2023-09-24T20:41:25.201+0530][gc,stringtable] GC(4) Cleaned string and symbol table, strings: 13875 processed, 8 removed, symbols: 102698 processed, 32 removed
[2023-09-24T20:41:25.201+0530][gc            ] GC(4) Pause Remark 141M->141M(1024M) 1.673ms
[2023-09-24T20:41:25.201+0530][gc,cpu        ] GC(4) User=0.01s Sys=0.00s Real=0.01s
[2023-09-24T20:41:25.201+0530][gc,marking    ] GC(4) Concurrent Rebuild Remembered Sets
[2023-09-24T20:41:25.203+0530][gc,marking    ] GC(4) Concurrent Rebuild Remembered Sets 1.988ms
[2023-09-24T20:41:25.206+0530][gc,start      ] GC(4) Pause Cleanup
[2023-09-24T20:41:25.206+0530][gc            ] GC(4) Pause Cleanup 141M->141M(1024M) 0.118ms
[2023-09-24T20:41:25.206+0530][gc,cpu        ] GC(4) User=0.00s Sys=0.00s Real=0.00s
[2023-09-24T20:41:25.206+0530][gc,marking    ] GC(4) Concurrent Cleanup for Next Mark
[2023-09-24T20:41:25.208+0530][gc,marking    ] GC(4) Concurrent Cleanup for Next Mark 1.587ms
[2023-09-24T20:41:25.208+0530][gc            ] GC(4) Concurrent Cycle 14.062ms
[2023-09-24T20:41:39.944+0530][gc,heap,exit  ] Heap
[2023-09-24T20:41:39.944+0530][gc,heap,exit  ]  garbage-first heap   total 1048576K, used 168151K [0x0000000780000000, 0x00000007c0000000)
[2023-09-24T20:41:39.944+0530][gc,heap,exit  ]   region size 1024K, 31 young (31744K), 5 survivors (5120K)
[2023-09-24T20:41:39.944+0530][gc,heap,exit  ]  Metaspace       used 39415K, capacity 40664K, committed 40704K, reserved 1085440K
[2023-09-24T20:41:39.944+0530][gc,heap,exit  ]   class space    used 4520K, capacity 5107K, committed 5120K, reserved 1048576K
