[2023-09-24T23:21:56.523+0530][gc,heap] Heap region size: 1M
[2023-09-24T23:21:56.525+0530][gc     ] Using G1
[2023-09-24T23:21:56.525+0530][gc,heap,coops] Heap address: 0x0000000780000000, size: 1024 MB, Compressed Oops mode: Zero based, Oop shift amount: 3
[2023-09-24T23:21:57.035+0530][gc,start     ] GC(0) Pause Young (Concurrent Start) (Metadata GC Threshold)
[2023-09-24T23:21:57.035+0530][gc,task      ] GC(0) Using 8 workers of 8 for evacuation
[2023-09-24T23:21:57.039+0530][gc,phases    ] GC(0)   Pre Evacuate Collection Set: 0.0ms
[2023-09-24T23:21:57.039+0530][gc,phases    ] GC(0)   Evacuate Collection Set: 3.9ms
[2023-09-24T23:21:57.039+0530][gc,phases    ] GC(0)   Post Evacuate Collection Set: 0.3ms
[2023-09-24T23:21:57.039+0530][gc,phases    ] GC(0)   Other: 0.3ms
[2023-09-24T23:21:57.039+0530][gc,heap      ] GC(0) Eden regions: 45->0(44)
[2023-09-24T23:21:57.039+0530][gc,heap      ] GC(0) Survivor regions: 0->7(7)
[2023-09-24T23:21:57.039+0530][gc,heap      ] GC(0) Old regions: 0->0
[2023-09-24T23:21:57.039+0530][gc,heap      ] GC(0) Humongous regions: 0->0
[2023-09-24T23:21:57.039+0530][gc,metaspace ] GC(0) Metaspace: 20807K(21248K)->20807K(21248K) NonClass: 18455K(18688K)->18455K(18688K) Class: 2352K(2560K)->2352K(2560K)
[2023-09-24T23:21:57.039+0530][gc           ] GC(0) Pause Young (Concurrent Start) (Metadata GC Threshold) 45M->6M(1024M) 4.616ms
[2023-09-24T23:21:57.039+0530][gc,cpu       ] GC(0) User=0.03s Sys=0.01s Real=0.00s
[2023-09-24T23:21:57.039+0530][gc           ] GC(1) Concurrent Cycle
[2023-09-24T23:21:57.039+0530][gc,marking   ] GC(1) Concurrent Clear Claimed Marks
[2023-09-24T23:21:57.039+0530][gc,marking   ] GC(1) Concurrent Clear Claimed Marks 0.012ms
[2023-09-24T23:21:57.039+0530][gc,marking   ] GC(1) Concurrent Scan Root Regions
[2023-09-24T23:21:57.041+0530][gc,marking   ] GC(1) Concurrent Scan Root Regions 1.114ms
[2023-09-24T23:21:57.041+0530][gc,marking   ] GC(1) Concurrent Mark (0.522s)
[2023-09-24T23:21:57.041+0530][gc,marking   ] GC(1) Concurrent Mark From Roots
[2023-09-24T23:21:57.041+0530][gc,task      ] GC(1) Using 2 workers of 2 for marking
[2023-09-24T23:21:57.041+0530][gc,marking   ] GC(1) Concurrent Mark From Roots 0.236ms
[2023-09-24T23:21:57.041+0530][gc,marking   ] GC(1) Concurrent Preclean
[2023-09-24T23:21:57.041+0530][gc,marking   ] GC(1) Concurrent Preclean 0.018ms
[2023-09-24T23:21:57.041+0530][gc,marking   ] GC(1) Concurrent Mark (0.522s, 0.522s) 0.286ms
[2023-09-24T23:21:57.041+0530][gc,start     ] GC(1) Pause Remark
[2023-09-24T23:21:57.042+0530][gc,stringtable] GC(1) Cleaned string and symbol table, strings: 7541 processed, 0 removed, symbols: 65964 processed, 32 removed
[2023-09-24T23:21:57.042+0530][gc            ] GC(1) Pause Remark 6M->6M(1024M) 1.049ms
[2023-09-24T23:21:57.042+0530][gc,cpu        ] GC(1) User=0.01s Sys=0.00s Real=0.00s
[2023-09-24T23:21:57.042+0530][gc,marking    ] GC(1) Concurrent Rebuild Remembered Sets
[2023-09-24T23:21:57.042+0530][gc,marking    ] GC(1) Concurrent Rebuild Remembered Sets 0.055ms
[2023-09-24T23:21:57.042+0530][gc,start      ] GC(1) Pause Cleanup
[2023-09-24T23:21:57.042+0530][gc            ] GC(1) Pause Cleanup 6M->6M(1024M) 0.129ms
[2023-09-24T23:21:57.042+0530][gc,cpu        ] GC(1) User=0.00s Sys=0.00s Real=0.00s
[2023-09-24T23:21:57.042+0530][gc,marking    ] GC(1) Concurrent Cleanup for Next Mark
[2023-09-24T23:21:57.044+0530][gc,marking    ] GC(1) Concurrent Cleanup for Next Mark 1.435ms
[2023-09-24T23:21:57.044+0530][gc            ] GC(1) Concurrent Cycle 4.423ms
[2023-09-24T23:21:57.427+0530][gc,start      ] GC(2) Pause Young (Normal) (G1 Evacuation Pause)
[2023-09-24T23:21:57.427+0530][gc,task       ] GC(2) Using 8 workers of 8 for evacuation
[2023-09-24T23:21:57.433+0530][gc,phases     ] GC(2)   Pre Evacuate Collection Set: 0.0ms
[2023-09-24T23:21:57.433+0530][gc,phases     ] GC(2)   Evacuate Collection Set: 4.9ms
[2023-09-24T23:21:57.433+0530][gc,phases     ] GC(2)   Post Evacuate Collection Set: 0.3ms
[2023-09-24T23:21:57.433+0530][gc,phases     ] GC(2)   Other: 0.1ms
[2023-09-24T23:21:57.433+0530][gc,heap       ] GC(2) Eden regions: 44->0(48)
[2023-09-24T23:21:57.433+0530][gc,heap       ] GC(2) Survivor regions: 7->3(7)
[2023-09-24T23:21:57.433+0530][gc,heap       ] GC(2) Old regions: 0->7
[2023-09-24T23:21:57.433+0530][gc,heap       ] GC(2) Humongous regions: 129->129
[2023-09-24T23:21:57.433+0530][gc,metaspace  ] GC(2) Metaspace: 31057K(32000K)->31057K(32000K) NonClass: 27550K(28160K)->27550K(28160K) Class: 3506K(3840K)->3506K(3840K)
[2023-09-24T23:21:57.433+0530][gc            ] GC(2) Pause Young (Normal) (G1 Evacuation Pause) 179M->137M(1024M) 5.386ms
[2023-09-24T23:21:57.433+0530][gc,cpu        ] GC(2) User=0.03s Sys=0.00s Real=0.01s
[2023-09-24T23:21:57.618+0530][gc,start      ] GC(3) Pause Young (Concurrent Start) (Metadata GC Threshold)
[2023-09-24T23:21:57.618+0530][gc,task       ] GC(3) Using 8 workers of 8 for evacuation
[2023-09-24T23:21:57.620+0530][gc,phases     ] GC(3)   Pre Evacuate Collection Set: 0.0ms
[2023-09-24T23:21:57.620+0530][gc,phases     ] GC(3)   Evacuate Collection Set: 1.9ms
[2023-09-24T23:21:57.620+0530][gc,phases     ] GC(3)   Post Evacuate Collection Set: 0.2ms
[2023-09-24T23:21:57.621+0530][gc,phases     ] GC(3)   Other: 0.1ms
[2023-09-24T23:21:57.621+0530][gc,heap       ] GC(3) Eden regions: 23->0(46)
[2023-09-24T23:21:57.621+0530][gc,heap       ] GC(3) Survivor regions: 3->5(7)
[2023-09-24T23:21:57.621+0530][gc,heap       ] GC(3) Old regions: 7->7
[2023-09-24T23:21:57.621+0530][gc,heap       ] GC(3) Humongous regions: 129->129
[2023-09-24T23:21:57.621+0530][gc,metaspace  ] GC(3) Metaspace: 34926K(35840K)->34926K(35840K) NonClass: 30993K(31488K)->30993K(31488K) Class: 3933K(4352K)->3933K(4352K)
[2023-09-24T23:21:57.621+0530][gc            ] GC(3) Pause Young (Concurrent Start) (Metadata GC Threshold) 160M->139M(1024M) 2.295ms
[2023-09-24T23:21:57.621+0530][gc,cpu        ] GC(3) User=0.01s Sys=0.00s Real=0.01s
[2023-09-24T23:21:57.621+0530][gc            ] GC(4) Concurrent Cycle
[2023-09-24T23:21:57.621+0530][gc,marking    ] GC(4) Concurrent Clear Claimed Marks
[2023-09-24T23:21:57.621+0530][gc,marking    ] GC(4) Concurrent Clear Claimed Marks 0.016ms
[2023-09-24T23:21:57.621+0530][gc,marking    ] GC(4) Concurrent Scan Root Regions
[2023-09-24T23:21:57.622+0530][gc,marking    ] GC(4) Concurrent Scan Root Regions 1.218ms
[2023-09-24T23:21:57.622+0530][gc,marking    ] GC(4) Concurrent Mark (1.103s)
[2023-09-24T23:21:57.622+0530][gc,marking    ] GC(4) Concurrent Mark From Roots
[2023-09-24T23:21:57.622+0530][gc,task       ] GC(4) Using 2 workers of 2 for marking
[2023-09-24T23:21:57.624+0530][gc,marking    ] GC(4) Concurrent Mark From Roots 2.531ms
[2023-09-24T23:21:57.624+0530][gc,marking    ] GC(4) Concurrent Preclean
[2023-09-24T23:21:57.624+0530][gc,marking    ] GC(4) Concurrent Preclean 0.031ms
[2023-09-24T23:21:57.624+0530][gc,marking    ] GC(4) Concurrent Mark (1.103s, 1.105s) 2.582ms
[2023-09-24T23:21:57.624+0530][gc,start      ] GC(4) Pause Remark
[2023-09-24T23:21:57.626+0530][gc,stringtable] GC(4) Cleaned string and symbol table, strings: 13852 processed, 9 removed, symbols: 102425 processed, 30 removed
[2023-09-24T23:21:57.626+0530][gc            ] GC(4) Pause Remark 140M->140M(1024M) 1.238ms
[2023-09-24T23:21:57.626+0530][gc,cpu        ] GC(4) User=0.00s Sys=0.00s Real=0.00s
[2023-09-24T23:21:57.626+0530][gc,marking    ] GC(4) Concurrent Rebuild Remembered Sets
[2023-09-24T23:21:57.630+0530][gc,marking    ] GC(4) Concurrent Rebuild Remembered Sets 3.724ms
[2023-09-24T23:21:57.630+0530][gc,start      ] GC(4) Pause Cleanup
[2023-09-24T23:21:57.630+0530][gc            ] GC(4) Pause Cleanup 141M->141M(1024M) 0.162ms
[2023-09-24T23:21:57.630+0530][gc,cpu        ] GC(4) User=0.00s Sys=0.00s Real=0.00s
[2023-09-24T23:21:57.630+0530][gc,marking    ] GC(4) Concurrent Cleanup for Next Mark
[2023-09-24T23:21:57.632+0530][gc,marking    ] GC(4) Concurrent Cleanup for Next Mark 1.883ms
[2023-09-24T23:21:57.632+0530][gc            ] GC(4) Concurrent Cycle 11.752ms
[2023-09-24T23:43:07.732+0530][gc,start      ] GC(5) Pause Young (Normal) (G1 Evacuation Pause)
[2023-09-24T23:43:07.732+0530][gc,task       ] GC(5) Using 8 workers of 8 for evacuation
[2023-09-24T23:43:07.748+0530][gc,phases     ] GC(5)   Pre Evacuate Collection Set: 0.2ms
[2023-09-24T23:43:07.748+0530][gc,phases     ] GC(5)   Evacuate Collection Set: 15.0ms
[2023-09-24T23:43:07.748+0530][gc,phases     ] GC(5)   Post Evacuate Collection Set: 0.6ms
[2023-09-24T23:43:07.748+0530][gc,phases     ] GC(5)   Other: 0.9ms
[2023-09-24T23:43:07.748+0530][gc,heap       ] GC(5) Eden regions: 46->0(46)
[2023-09-24T23:43:07.748+0530][gc,heap       ] GC(5) Survivor regions: 5->5(7)
[2023-09-24T23:43:07.748+0530][gc,heap       ] GC(5) Old regions: 7->9
[2023-09-24T23:43:07.749+0530][gc,heap       ] GC(5) Humongous regions: 129->129
[2023-09-24T23:43:07.749+0530][gc,metaspace  ] GC(5) Metaspace: 41288K(43008K)->41288K(43008K) NonClass: 36436K(37376K)->36436K(37376K) Class: 4852K(5632K)->4852K(5632K)
[2023-09-24T23:43:07.749+0530][gc            ] GC(5) Pause Young (Normal) (G1 Evacuation Pause) 185M->141M(1024M) 16.748ms
[2023-09-24T23:43:07.749+0530][gc,cpu        ] GC(5) User=0.04s Sys=0.00s Real=0.01s
[2023-09-25T01:36:03.219+0530][gc,start      ] GC(6) Pause Young (Normal) (G1 Evacuation Pause)
[2023-09-25T01:36:03.219+0530][gc,task       ] GC(6) Using 8 workers of 8 for evacuation
[2023-09-25T01:36:03.222+0530][gc,phases     ] GC(6)   Pre Evacuate Collection Set: 0.0ms
[2023-09-25T01:36:03.222+0530][gc,phases     ] GC(6)   Evacuate Collection Set: 2.3ms
[2023-09-25T01:36:03.222+0530][gc,phases     ] GC(6)   Post Evacuate Collection Set: 0.4ms
[2023-09-25T01:36:03.222+0530][gc,phases     ] GC(6)   Other: 0.2ms
[2023-09-25T01:36:03.222+0530][gc,heap       ] GC(6) Eden regions: 46->0(47)
[2023-09-25T01:36:03.222+0530][gc,heap       ] GC(6) Survivor regions: 5->4(7)
[2023-09-25T01:36:03.222+0530][gc,heap       ] GC(6) Old regions: 9->11
[2023-09-25T01:36:03.222+0530][gc,heap       ] GC(6) Humongous regions: 129->129
[2023-09-25T01:36:03.222+0530][gc,metaspace  ] GC(6) Metaspace: 43423K(45312K)->43423K(45312K) NonClass: 38193K(39168K)->38193K(39168K) Class: 5230K(6144K)->5230K(6144K)
[2023-09-25T01:36:03.222+0530][gc            ] GC(6) Pause Young (Normal) (G1 Evacuation Pause) 187M->143M(1024M) 2.912ms
[2023-09-25T01:36:03.222+0530][gc,cpu        ] GC(6) User=0.01s Sys=0.00s Real=0.01s
[2023-09-25T01:48:22.786+0530][gc,start      ] GC(7) Pause Young (Normal) (G1 Evacuation Pause)
[2023-09-25T01:48:22.787+0530][gc,task       ] GC(7) Using 8 workers of 8 for evacuation
[2023-09-25T01:48:22.805+0530][gc,phases     ] GC(7)   Pre Evacuate Collection Set: 0.1ms
[2023-09-25T01:48:22.805+0530][gc,phases     ] GC(7)   Evacuate Collection Set: 16.3ms
[2023-09-25T01:48:22.805+0530][gc,phases     ] GC(7)   Post Evacuate Collection Set: 0.7ms
[2023-09-25T01:48:22.805+0530][gc,phases     ] GC(7)   Other: 1.7ms
[2023-09-25T01:48:22.805+0530][gc,heap       ] GC(7) Eden regions: 47->0(45)
[2023-09-25T01:48:22.805+0530][gc,heap       ] GC(7) Survivor regions: 4->6(7)
[2023-09-25T01:48:22.805+0530][gc,heap       ] GC(7) Old regions: 11->11
[2023-09-25T01:48:22.805+0530][gc,heap       ] GC(7) Humongous regions: 129->129
[2023-09-25T01:48:22.805+0530][gc,metaspace  ] GC(7) Metaspace: 44955K(47104K)->44955K(47104K) NonClass: 39586K(40704K)->39586K(40704K) Class: 5368K(6400K)->5368K(6400K)
[2023-09-25T01:48:22.805+0530][gc            ] GC(7) Pause Young (Normal) (G1 Evacuation Pause) 190M->145M(1024M) 19.018ms
[2023-09-25T01:48:22.805+0530][gc,cpu        ] GC(7) User=0.04s Sys=0.00s Real=0.02s
[2023-09-25T01:58:47.788+0530][gc,start      ] GC(8) Pause Young (Normal) (G1 Evacuation Pause)
[2023-09-25T01:58:47.790+0530][gc,task       ] GC(8) Using 8 workers of 8 for evacuation
[2023-09-25T01:58:47.810+0530][gc,mmu        ] GC(8) MMU target violated: 20.3ms (20.0ms/21.0ms)
[2023-09-25T01:58:47.810+0530][gc,phases     ] GC(8)   Pre Evacuate Collection Set: 0.3ms
[2023-09-25T01:58:47.810+0530][gc,phases     ] GC(8)   Evacuate Collection Set: 19.0ms
[2023-09-25T01:58:47.810+0530][gc,phases     ] GC(8)   Post Evacuate Collection Set: 0.7ms
[2023-09-25T01:58:47.810+0530][gc,phases     ] GC(8)   Other: 2.4ms
[2023-09-25T01:58:47.810+0530][gc,heap       ] GC(8) Eden regions: 45->0(48)
[2023-09-25T01:58:47.810+0530][gc,heap       ] GC(8) Survivor regions: 6->3(7)
[2023-09-25T01:58:47.810+0530][gc,heap       ] GC(8) Old regions: 11->14
[2023-09-25T01:58:47.810+0530][gc,heap       ] GC(8) Humongous regions: 129->129
[2023-09-25T01:58:47.810+0530][gc,metaspace  ] GC(8) Metaspace: 45062K(47104K)->45062K(47104K) NonClass: 39681K(40704K)->39681K(40704K) Class: 5381K(6400K)->5381K(6400K)
[2023-09-25T01:58:47.810+0530][gc            ] GC(8) Pause Young (Normal) (G1 Evacuation Pause) 190M->145M(1024M) 22.329ms
[2023-09-25T01:58:47.810+0530][gc,cpu        ] GC(8) User=0.03s Sys=0.00s Real=0.03s
[2023-09-25T02:11:12.385+0530][gc,start      ] GC(9) Pause Young (Normal) (G1 Evacuation Pause)
[2023-09-25T02:11:12.387+0530][gc,task       ] GC(9) Using 8 workers of 8 for evacuation
[2023-09-25T02:11:12.405+0530][gc,phases     ] GC(9)   Pre Evacuate Collection Set: 0.3ms
[2023-09-25T02:11:12.405+0530][gc,phases     ] GC(9)   Evacuate Collection Set: 16.8ms
[2023-09-25T02:11:12.405+0530][gc,phases     ] GC(9)   Post Evacuate Collection Set: 0.7ms
[2023-09-25T02:11:12.405+0530][gc,phases     ] GC(9)   Other: 2.2ms
[2023-09-25T02:11:12.405+0530][gc,heap       ] GC(9) Eden regions: 48->0(48)
[2023-09-25T02:11:12.405+0530][gc,heap       ] GC(9) Survivor regions: 3->3(7)
[2023-09-25T02:11:12.405+0530][gc,heap       ] GC(9) Old regions: 14->14
[2023-09-25T02:11:12.405+0530][gc,heap       ] GC(9) Humongous regions: 129->129
[2023-09-25T02:11:12.405+0530][gc,metaspace  ] GC(9) Metaspace: 45106K(47360K)->45106K(47360K) NonClass: 39724K(40960K)->39724K(40960K) Class: 5381K(6400K)->5381K(6400K)
[2023-09-25T02:11:12.405+0530][gc            ] GC(9) Pause Young (Normal) (G1 Evacuation Pause) 193M->145M(1024M) 20.220ms
[2023-09-25T02:11:12.406+0530][gc,cpu        ] GC(9) User=0.03s Sys=0.00s Real=0.02s
[2023-09-25T02:23:57.967+0530][gc,start      ] GC(10) Pause Young (Normal) (G1 Evacuation Pause)
[2023-09-25T02:23:57.969+0530][gc,task       ] GC(10) Using 8 workers of 8 for evacuation
[2023-09-25T02:23:57.988+0530][gc,phases     ] GC(10)   Pre Evacuate Collection Set: 0.2ms
[2023-09-25T02:23:57.988+0530][gc,phases     ] GC(10)   Evacuate Collection Set: 18.1ms
[2023-09-25T02:23:57.988+0530][gc,phases     ] GC(10)   Post Evacuate Collection Set: 0.4ms
[2023-09-25T02:23:57.988+0530][gc,phases     ] GC(10)   Other: 2.4ms
[2023-09-25T02:23:57.988+0530][gc,heap       ] GC(10) Eden regions: 48->0(66)
[2023-09-25T02:23:57.988+0530][gc,heap       ] GC(10) Survivor regions: 3->3(7)
[2023-09-25T02:23:57.988+0530][gc,heap       ] GC(10) Old regions: 14->14
[2023-09-25T02:23:57.988+0530][gc,heap       ] GC(10) Humongous regions: 129->129
[2023-09-25T02:23:57.988+0530][gc,metaspace  ] GC(10) Metaspace: 45130K(47360K)->45130K(47360K) NonClass: 39749K(40960K)->39749K(40960K) Class: 5381K(6400K)->5381K(6400K)
[2023-09-25T02:23:57.988+0530][gc            ] GC(10) Pause Young (Normal) (G1 Evacuation Pause) 193M->145M(1024M) 21.142ms
[2023-09-25T02:23:57.988+0530][gc,cpu        ] GC(10) User=0.02s Sys=0.00s Real=0.02s
[2023-09-25T02:41:42.988+0530][gc,start      ] GC(11) Pause Young (Normal) (G1 Evacuation Pause)
[2023-09-25T02:41:42.989+0530][gc,task       ] GC(11) Using 8 workers of 8 for evacuation
[2023-09-25T02:41:43.006+0530][gc,phases     ] GC(11)   Pre Evacuate Collection Set: 1.1ms
[2023-09-25T02:41:43.007+0530][gc,phases     ] GC(11)   Evacuate Collection Set: 14.8ms
[2023-09-25T02:41:43.007+0530][gc,phases     ] GC(11)   Post Evacuate Collection Set: 0.7ms
[2023-09-25T02:41:43.007+0530][gc,phases     ] GC(11)   Other: 2.3ms
[2023-09-25T02:41:43.007+0530][gc,heap       ] GC(11) Eden regions: 66->0(100)
[2023-09-25T02:41:43.007+0530][gc,heap       ] GC(11) Survivor regions: 3->3(9)
[2023-09-25T02:41:43.007+0530][gc,heap       ] GC(11) Old regions: 14->14
[2023-09-25T02:41:43.007+0530][gc,heap       ] GC(11) Humongous regions: 129->129
[2023-09-25T02:41:43.007+0530][gc,metaspace  ] GC(11) Metaspace: 45158K(47360K)->45158K(47360K) NonClass: 39777K(40960K)->39777K(40960K) Class: 5381K(6400K)->5381K(6400K)
[2023-09-25T02:41:43.007+0530][gc            ] GC(11) Pause Young (Normal) (G1 Evacuation Pause) 211M->145M(1024M) 19.163ms
[2023-09-25T02:41:43.007+0530][gc,cpu        ] GC(11) User=0.03s Sys=0.01s Real=0.02s
[2023-09-25T02:56:02.719+0530][gc,start      ] GC(12) Pause Young (Normal) (G1 Evacuation Pause)
[2023-09-25T02:56:02.719+0530][gc,task       ] GC(12) Using 8 workers of 8 for evacuation
[2023-09-25T02:56:02.731+0530][gc,phases     ] GC(12)   Pre Evacuate Collection Set: 0.2ms
[2023-09-25T02:56:02.731+0530][gc,phases     ] GC(12)   Evacuate Collection Set: 11.3ms
[2023-09-25T02:56:02.731+0530][gc,phases     ] GC(12)   Post Evacuate Collection Set: 0.5ms
[2023-09-25T02:56:02.731+0530][gc,phases     ] GC(12)   Other: 0.8ms
[2023-09-25T02:56:02.731+0530][gc,heap       ] GC(12) Eden regions: 100->0(532)
[2023-09-25T02:56:02.732+0530][gc,heap       ] GC(12) Survivor regions: 3->4(13)
[2023-09-25T02:56:02.732+0530][gc,heap       ] GC(12) Old regions: 14->14
[2023-09-25T02:56:02.732+0530][gc,heap       ] GC(12) Humongous regions: 129->129
[2023-09-25T02:56:02.732+0530][gc,metaspace  ] GC(12) Metaspace: 45518K(47744K)->45518K(47744K) NonClass: 40087K(41216K)->40087K(41216K) Class: 5431K(6528K)->5431K(6528K)
[2023-09-25T02:56:02.732+0530][gc            ] GC(12) Pause Young (Normal) (G1 Evacuation Pause) 245M->145M(1024M) 12.881ms
[2023-09-25T02:56:02.732+0530][gc,cpu        ] GC(12) User=0.04s Sys=0.00s Real=0.02s
[2023-09-26T23:51:43.292+0530][gc,start      ] GC(13) Pause Young (Normal) (G1 Evacuation Pause)
[2023-09-26T23:51:43.294+0530][gc,task       ] GC(13) Using 8 workers of 8 for evacuation
[2023-09-26T23:51:43.314+0530][gc,phases     ] GC(13)   Pre Evacuate Collection Set: 0.1ms
[2023-09-26T23:51:43.314+0530][gc,phases     ] GC(13)   Evacuate Collection Set: 18.3ms
[2023-09-26T23:51:43.314+0530][gc,phases     ] GC(13)   Post Evacuate Collection Set: 0.8ms
[2023-09-26T23:51:43.314+0530][gc,phases     ] GC(13)   Other: 2.4ms
[2023-09-26T23:51:43.314+0530][gc,heap       ] GC(13) Eden regions: 532->0(437)
[2023-09-26T23:51:43.314+0530][gc,heap       ] GC(13) Survivor regions: 4->4(67)
[2023-09-26T23:51:43.314+0530][gc,heap       ] GC(13) Old regions: 14->14
[2023-09-26T23:51:43.314+0530][gc,heap       ] GC(13) Humongous regions: 129->129
[2023-09-26T23:51:43.314+0530][gc,metaspace  ] GC(13) Metaspace: 46087K(48512K)->46087K(48512K) NonClass: 40646K(41984K)->40646K(41984K) Class: 5440K(6528K)->5440K(6528K)
[2023-09-26T23:51:43.314+0530][gc            ] GC(13) Pause Young (Normal) (G1 Evacuation Pause) 677M->146M(1024M) 21.666ms
[2023-09-26T23:51:43.314+0530][gc,cpu        ] GC(13) User=0.04s Sys=0.01s Real=0.02s
[2023-09-27T02:02:54.072+0530][gc,heap,exit  ] Heap
[2023-09-27T02:02:54.074+0530][gc,heap,exit  ]  garbage-first heap   total 1048576K, used 438791K [0x0000000780000000, 0x00000007c0000000)
[2023-09-27T02:02:54.074+0530][gc,heap,exit  ]   region size 1024K, 288 young (294912K), 4 survivors (4096K)
[2023-09-27T02:02:54.074+0530][gc,heap,exit  ]  Metaspace       used 46693K, capacity 48869K, committed 49024K, reserved 1091584K
[2023-09-27T02:02:54.074+0530][gc,heap,exit  ]   class space    used 5600K, capacity 6684K, committed 6784K, reserved 1048576K
