[2023-09-24T20:29:18.592+0530][gc,heap] Heap region size: 1M
[2023-09-24T20:29:18.595+0530][gc     ] Using G1
[2023-09-24T20:29:18.595+0530][gc,heap,coops] Heap address: 0x0000000780000000, size: 1024 MB, Compressed Oops mode: Zero based, Oop shift amount: 3
[2023-09-24T20:29:19.204+0530][gc,start     ] GC(0) Pause Young (Concurrent Start) (Metadata GC Threshold)
[2023-09-24T20:29:19.204+0530][gc,task      ] GC(0) Using 8 workers of 8 for evacuation
[2023-09-24T20:29:19.208+0530][gc,phases    ] GC(0)   Pre Evacuate Collection Set: 0.0ms
[2023-09-24T20:29:19.208+0530][gc,phases    ] GC(0)   Evacuate Collection Set: 3.4ms
[2023-09-24T20:29:19.208+0530][gc,phases    ] GC(0)   Post Evacuate Collection Set: 0.2ms
[2023-09-24T20:29:19.208+0530][gc,phases    ] GC(0)   Other: 0.3ms
[2023-09-24T20:29:19.208+0530][gc,heap      ] GC(0) Eden regions: 45->0(44)
[2023-09-24T20:29:19.208+0530][gc,heap      ] GC(0) Survivor regions: 0->7(7)
[2023-09-24T20:29:19.208+0530][gc,heap      ] GC(0) Old regions: 0->0
[2023-09-24T20:29:19.208+0530][gc,heap      ] GC(0) Humongous regions: 0->0
[2023-09-24T20:29:19.208+0530][gc,metaspace ] GC(0) Metaspace: 20809K(21248K)->20809K(21248K) NonClass: 18457K(18688K)->18457K(18688K) Class: 2352K(2560K)->2352K(2560K)
[2023-09-24T20:29:19.208+0530][gc           ] GC(0) Pause Young (Concurrent Start) (Metadata GC Threshold) 45M->6M(1024M) 3.968ms
[2023-09-24T20:29:19.208+0530][gc,cpu       ] GC(0) User=0.02s Sys=0.01s Real=0.00s
[2023-09-24T20:29:19.208+0530][gc           ] GC(1) Concurrent Cycle
[2023-09-24T20:29:19.208+0530][gc,marking   ] GC(1) Concurrent Clear Claimed Marks
[2023-09-24T20:29:19.208+0530][gc,marking   ] GC(1) Concurrent Clear Claimed Marks 0.011ms
[2023-09-24T20:29:19.208+0530][gc,marking   ] GC(1) Concurrent Scan Root Regions
[2023-09-24T20:29:19.209+0530][gc,marking   ] GC(1) Concurrent Scan Root Regions 1.170ms
[2023-09-24T20:29:19.209+0530][gc,marking   ] GC(1) Concurrent Mark (0.621s)
[2023-09-24T20:29:19.209+0530][gc,marking   ] GC(1) Concurrent Mark From Roots
[2023-09-24T20:29:19.209+0530][gc,task      ] GC(1) Using 2 workers of 2 for marking
[2023-09-24T20:29:19.209+0530][gc,marking   ] GC(1) Concurrent Mark From Roots 0.094ms
[2023-09-24T20:29:19.209+0530][gc,marking   ] GC(1) Concurrent Preclean
[2023-09-24T20:29:19.209+0530][gc,marking   ] GC(1) Concurrent Preclean 0.017ms
[2023-09-24T20:29:19.209+0530][gc,marking   ] GC(1) Concurrent Mark (0.621s, 0.621s) 0.134ms
[2023-09-24T20:29:19.209+0530][gc,start     ] GC(1) Pause Remark
[2023-09-24T20:29:19.210+0530][gc,stringtable] GC(1) Cleaned string and symbol table, strings: 7531 processed, 0 removed, symbols: 65873 processed, 32 removed
[2023-09-24T20:29:19.210+0530][gc            ] GC(1) Pause Remark 7M->7M(1024M) 1.068ms
[2023-09-24T20:29:19.210+0530][gc,cpu        ] GC(1) User=0.00s Sys=0.00s Real=0.01s
[2023-09-24T20:29:19.210+0530][gc,marking    ] GC(1) Concurrent Rebuild Remembered Sets
[2023-09-24T20:29:19.210+0530][gc,marking    ] GC(1) Concurrent Rebuild Remembered Sets 0.048ms
[2023-09-24T20:29:19.210+0530][gc,start      ] GC(1) Pause Cleanup
[2023-09-24T20:29:19.210+0530][gc            ] GC(1) Pause Cleanup 7M->7M(1024M) 0.070ms
[2023-09-24T20:29:19.210+0530][gc,cpu        ] GC(1) User=0.00s Sys=0.00s Real=0.00s
[2023-09-24T20:29:19.210+0530][gc,marking    ] GC(1) Concurrent Cleanup for Next Mark
[2023-09-24T20:29:19.212+0530][gc,marking    ] GC(1) Concurrent Cleanup for Next Mark 1.657ms
[2023-09-24T20:29:19.212+0530][gc            ] GC(1) Concurrent Cycle 4.414ms
[2023-09-24T20:29:36.013+0530][gc,heap,exit  ] Heap
[2023-09-24T20:29:36.013+0530][gc,heap,exit  ]  garbage-first heap   total 1048576K, used 9905K [0x0000000780000000, 0x00000007c0000000)
[2023-09-24T20:29:36.013+0530][gc,heap,exit  ]   region size 1024K, 11 young (11264K), 7 survivors (7168K)
[2023-09-24T20:29:36.013+0530][gc,heap,exit  ]  Metaspace       used 21293K, capacity 21742K, committed 21888K, reserved 1069056K
[2023-09-24T20:29:36.013+0530][gc,heap,exit  ]   class space    used 2431K, capacity 2608K, committed 2688K, reserved 1048576K
