[2023-09-24T23:21:10.692+0530][gc,heap] Heap region size: 1M
[2023-09-24T23:21:10.694+0530][gc     ] Using G1
[2023-09-24T23:21:10.694+0530][gc,heap,coops] Heap address: 0x0000000780000000, size: 1024 MB, Compressed Oops mode: Zero based, Oop shift amount: 3
[2023-09-24T23:21:11.208+0530][gc,start     ] GC(0) Pause Young (Concurrent Start) (Metadata GC Threshold)
[2023-09-24T23:21:11.208+0530][gc,task      ] GC(0) Using 8 workers of 8 for evacuation
[2023-09-24T23:21:11.212+0530][gc,phases    ] GC(0)   Pre Evacuate Collection Set: 0.0ms
[2023-09-24T23:21:11.212+0530][gc,phases    ] GC(0)   Evacuate Collection Set: 3.6ms
[2023-09-24T23:21:11.212+0530][gc,phases    ] GC(0)   Post Evacuate Collection Set: 0.3ms
[2023-09-24T23:21:11.212+0530][gc,phases    ] GC(0)   Other: 0.4ms
[2023-09-24T23:21:11.212+0530][gc,heap      ] GC(0) Eden regions: 45->0(44)
[2023-09-24T23:21:11.212+0530][gc,heap      ] GC(0) Survivor regions: 0->7(7)
[2023-09-24T23:21:11.212+0530][gc,heap      ] GC(0) Old regions: 0->0
[2023-09-24T23:21:11.212+0530][gc,heap      ] GC(0) Humongous regions: 0->0
[2023-09-24T23:21:11.212+0530][gc,metaspace ] GC(0) Metaspace: 20810K(21248K)->20810K(21248K) NonClass: 18457K(18688K)->18457K(18688K) Class: 2352K(2560K)->2352K(2560K)
[2023-09-24T23:21:11.212+0530][gc           ] GC(0) Pause Young (Concurrent Start) (Metadata GC Threshold) 45M->6M(1024M) 4.449ms
[2023-09-24T23:21:11.212+0530][gc,cpu       ] GC(0) User=0.02s Sys=0.01s Real=0.01s
[2023-09-24T23:21:11.212+0530][gc           ] GC(1) Concurrent Cycle
[2023-09-24T23:21:11.212+0530][gc,marking   ] GC(1) Concurrent Clear Claimed Marks
[2023-09-24T23:21:11.212+0530][gc,marking   ] GC(1) Concurrent Clear Claimed Marks 0.014ms
[2023-09-24T23:21:11.212+0530][gc,marking   ] GC(1) Concurrent Scan Root Regions
[2023-09-24T23:21:11.213+0530][gc,marking   ] GC(1) Concurrent Scan Root Regions 1.088ms
[2023-09-24T23:21:11.213+0530][gc,marking   ] GC(1) Concurrent Mark (0.525s)
[2023-09-24T23:21:11.213+0530][gc,marking   ] GC(1) Concurrent Mark From Roots
[2023-09-24T23:21:11.213+0530][gc,task      ] GC(1) Using 2 workers of 2 for marking
[2023-09-24T23:21:11.213+0530][gc,marking   ] GC(1) Concurrent Mark From Roots 0.249ms
[2023-09-24T23:21:11.213+0530][gc,marking   ] GC(1) Concurrent Preclean
[2023-09-24T23:21:11.213+0530][gc,marking   ] GC(1) Concurrent Preclean 0.021ms
[2023-09-24T23:21:11.214+0530][gc,marking   ] GC(1) Concurrent Mark (0.525s, 0.525s) 0.293ms
[2023-09-24T23:21:11.214+0530][gc,start     ] GC(1) Pause Remark
[2023-09-24T23:21:11.215+0530][gc,stringtable] GC(1) Cleaned string and symbol table, strings: 7537 processed, 0 removed, symbols: 65964 processed, 32 removed
[2023-09-24T23:21:11.215+0530][gc            ] GC(1) Pause Remark 6M->6M(1024M) 1.114ms
[2023-09-24T23:21:11.215+0530][gc,cpu        ] GC(1) User=0.00s Sys=0.00s Real=0.00s
[2023-09-24T23:21:11.215+0530][gc,marking    ] GC(1) Concurrent Rebuild Remembered Sets
[2023-09-24T23:21:11.215+0530][gc,marking    ] GC(1) Concurrent Rebuild Remembered Sets 0.040ms
[2023-09-24T23:21:11.215+0530][gc,start      ] GC(1) Pause Cleanup
[2023-09-24T23:21:11.215+0530][gc            ] GC(1) Pause Cleanup 6M->6M(1024M) 0.119ms
[2023-09-24T23:21:11.215+0530][gc,cpu        ] GC(1) User=0.00s Sys=0.00s Real=0.00s
[2023-09-24T23:21:11.215+0530][gc,marking    ] GC(1) Concurrent Cleanup for Next Mark
[2023-09-24T23:21:11.217+0530][gc,marking    ] GC(1) Concurrent Cleanup for Next Mark 1.791ms
[2023-09-24T23:21:11.217+0530][gc            ] GC(1) Concurrent Cycle 4.905ms
[2023-09-24T23:21:14.480+0530][gc,heap,exit  ] Heap
[2023-09-24T23:21:14.480+0530][gc,heap,exit  ]  garbage-first heap   total 1048576K, used 32190K [0x0000000780000000, 0x00000007c0000000)
[2023-09-24T23:21:14.480+0530][gc,heap,exit  ]   region size 1024K, 33 young (33792K), 7 survivors (7168K)
[2023-09-24T23:21:14.480+0530][gc,heap,exit  ]  Metaspace       used 26910K, capacity 27501K, committed 27776K, reserved 1073152K
[2023-09-24T23:21:14.480+0530][gc,heap,exit  ]   class space    used 3111K, capacity 3356K, committed 3456K, reserved 1048576K
