[2023-09-24T20:44:35.928+0530][gc,heap] Heap region size: 1M
[2023-09-24T20:44:35.930+0530][gc     ] Using G1
[2023-09-24T20:44:35.930+0530][gc,heap,coops] Heap address: 0x0000000780000000, size: 1024 MB, Compressed Oops mode: Zero based, Oop shift amount: 3
[2023-09-24T20:44:36.602+0530][gc,start     ] GC(0) Pause Young (Concurrent Start) (Metadata GC Threshold)
[2023-09-24T20:44:36.602+0530][gc,task      ] GC(0) Using 8 workers of 8 for evacuation
[2023-09-24T20:44:36.607+0530][gc,phases    ] GC(0)   Pre Evacuate Collection Set: 0.0ms
[2023-09-24T20:44:36.607+0530][gc,phases    ] GC(0)   Evacuate Collection Set: 4.8ms
[2023-09-24T20:44:36.607+0530][gc,phases    ] GC(0)   Post Evacuate Collection Set: 0.3ms
[2023-09-24T20:44:36.607+0530][gc,phases    ] GC(0)   Other: 0.5ms
[2023-09-24T20:44:36.607+0530][gc,heap      ] GC(0) Eden regions: 43->0(44)
[2023-09-24T20:44:36.607+0530][gc,heap      ] GC(0) Survivor regions: 0->7(7)
[2023-09-24T20:44:36.607+0530][gc,heap      ] GC(0) Old regions: 0->0
[2023-09-24T20:44:36.607+0530][gc,heap      ] GC(0) Humongous regions: 0->0
[2023-09-24T20:44:36.607+0530][gc,metaspace ] GC(0) Metaspace: 20591K(21248K)->20591K(21248K) NonClass: 18266K(18688K)->18266K(18688K) Class: 2325K(2560K)->2325K(2560K)
[2023-09-24T20:44:36.607+0530][gc           ] GC(0) Pause Young (Concurrent Start) (Metadata GC Threshold) 42M->6M(1024M) 5.726ms
[2023-09-24T20:44:36.607+0530][gc,cpu       ] GC(0) User=0.03s Sys=0.01s Real=0.00s
[2023-09-24T20:44:36.608+0530][gc           ] GC(1) Concurrent Cycle
[2023-09-24T20:44:36.608+0530][gc,marking   ] GC(1) Concurrent Clear Claimed Marks
[2023-09-24T20:44:36.608+0530][gc,marking   ] GC(1) Concurrent Clear Claimed Marks 0.012ms
[2023-09-24T20:44:36.608+0530][gc,marking   ] GC(1) Concurrent Scan Root Regions
[2023-09-24T20:44:36.609+0530][gc,marking   ] GC(1) Concurrent Scan Root Regions 1.088ms
[2023-09-24T20:44:36.609+0530][gc,marking   ] GC(1) Concurrent Mark (0.684s)
[2023-09-24T20:44:36.609+0530][gc,marking   ] GC(1) Concurrent Mark From Roots
[2023-09-24T20:44:36.609+0530][gc,task      ] GC(1) Using 2 workers of 2 for marking
[2023-09-24T20:44:36.609+0530][gc,marking   ] GC(1) Concurrent Mark From Roots 0.104ms
[2023-09-24T20:44:36.609+0530][gc,marking   ] GC(1) Concurrent Preclean
[2023-09-24T20:44:36.609+0530][gc,marking   ] GC(1) Concurrent Preclean 0.022ms
[2023-09-24T20:44:36.609+0530][gc,marking   ] GC(1) Concurrent Mark (0.684s, 0.684s) 0.163ms
[2023-09-24T20:44:36.609+0530][gc,start     ] GC(1) Pause Remark
[2023-09-24T20:44:36.610+0530][gc,stringtable] GC(1) Cleaned string and symbol table, strings: 7435 processed, 0 removed, symbols: 65121 processed, 34 removed
[2023-09-24T20:44:36.610+0530][gc            ] GC(1) Pause Remark 6M->6M(1024M) 1.090ms
[2023-09-24T20:44:36.610+0530][gc,cpu        ] GC(1) User=0.00s Sys=0.00s Real=0.01s
[2023-09-24T20:44:36.610+0530][gc,marking    ] GC(1) Concurrent Rebuild Remembered Sets
[2023-09-24T20:44:36.610+0530][gc,marking    ] GC(1) Concurrent Rebuild Remembered Sets 0.036ms
[2023-09-24T20:44:36.610+0530][gc,start      ] GC(1) Pause Cleanup
[2023-09-24T20:44:36.610+0530][gc            ] GC(1) Pause Cleanup 6M->6M(1024M) 0.083ms
[2023-09-24T20:44:36.610+0530][gc,cpu        ] GC(1) User=0.00s Sys=0.00s Real=0.00s
[2023-09-24T20:44:36.610+0530][gc,marking    ] GC(1) Concurrent Cleanup for Next Mark
[2023-09-24T20:44:36.612+0530][gc,marking    ] GC(1) Concurrent Cleanup for Next Mark 1.519ms
[2023-09-24T20:44:36.612+0530][gc            ] GC(1) Concurrent Cycle 4.373ms
[2023-09-24T20:44:36.985+0530][gc,start      ] GC(2) Pause Young (Normal) (G1 Evacuation Pause)
[2023-09-24T20:44:36.985+0530][gc,task       ] GC(2) Using 8 workers of 8 for evacuation
[2023-09-24T20:44:36.991+0530][gc,phases     ] GC(2)   Pre Evacuate Collection Set: 0.0ms
[2023-09-24T20:44:36.991+0530][gc,phases     ] GC(2)   Evacuate Collection Set: 5.0ms
[2023-09-24T20:44:36.991+0530][gc,phases     ] GC(2)   Post Evacuate Collection Set: 0.2ms
[2023-09-24T20:44:36.991+0530][gc,phases     ] GC(2)   Other: 0.1ms
[2023-09-24T20:44:36.991+0530][gc,heap       ] GC(2) Eden regions: 44->0(48)
[2023-09-24T20:44:36.991+0530][gc,heap       ] GC(2) Survivor regions: 7->3(7)
[2023-09-24T20:44:36.991+0530][gc,heap       ] GC(2) Old regions: 0->7
[2023-09-24T20:44:36.991+0530][gc,heap       ] GC(2) Humongous regions: 129->129
[2023-09-24T20:44:36.991+0530][gc,metaspace  ] GC(2) Metaspace: 30243K(31104K)->30243K(31104K) NonClass: 26862K(27392K)->26862K(27392K) Class: 3380K(3712K)->3380K(3712K)
[2023-09-24T20:44:36.991+0530][gc            ] GC(2) Pause Young (Normal) (G1 Evacuation Pause) 179M->137M(1024M) 5.483ms
[2023-09-24T20:44:36.991+0530][gc,cpu        ] GC(2) User=0.02s Sys=0.00s Real=0.01s
[2023-09-24T20:44:37.207+0530][gc,start      ] GC(3) Pause Young (Concurrent Start) (Metadata GC Threshold)
[2023-09-24T20:44:37.207+0530][gc,task       ] GC(3) Using 8 workers of 8 for evacuation
[2023-09-24T20:44:37.210+0530][gc,phases     ] GC(3)   Pre Evacuate Collection Set: 0.0ms
[2023-09-24T20:44:37.210+0530][gc,phases     ] GC(3)   Evacuate Collection Set: 3.1ms
[2023-09-24T20:44:37.210+0530][gc,phases     ] GC(3)   Post Evacuate Collection Set: 0.2ms
[2023-09-24T20:44:37.210+0530][gc,phases     ] GC(3)   Other: 0.1ms
[2023-09-24T20:44:37.210+0530][gc,heap       ] GC(3) Eden regions: 28->0(46)
[2023-09-24T20:44:37.210+0530][gc,heap       ] GC(3) Survivor regions: 3->5(7)
[2023-09-24T20:44:37.210+0530][gc,heap       ] GC(3) Old regions: 7->7
[2023-09-24T20:44:37.210+0530][gc,heap       ] GC(3) Humongous regions: 129->129
[2023-09-24T20:44:37.210+0530][gc,metaspace  ] GC(3) Metaspace: 34941K(35840K)->34941K(35840K) NonClass: 31027K(31488K)->31027K(31488K) Class: 3914K(4352K)->3914K(4352K)
[2023-09-24T20:44:37.210+0530][gc            ] GC(3) Pause Young (Concurrent Start) (Metadata GC Threshold) 165M->140M(1024M) 3.500ms
[2023-09-24T20:44:37.210+0530][gc,cpu        ] GC(3) User=0.02s Sys=0.01s Real=0.01s
[2023-09-24T20:44:37.210+0530][gc            ] GC(4) Concurrent Cycle
[2023-09-24T20:44:37.210+0530][gc,marking    ] GC(4) Concurrent Clear Claimed Marks
[2023-09-24T20:44:37.210+0530][gc,marking    ] GC(4) Concurrent Clear Claimed Marks 0.017ms
[2023-09-24T20:44:37.210+0530][gc,marking    ] GC(4) Concurrent Scan Root Regions
[2023-09-24T20:44:37.212+0530][gc,marking    ] GC(4) Concurrent Scan Root Regions 1.325ms
[2023-09-24T20:44:37.212+0530][gc,marking    ] GC(4) Concurrent Mark (1.287s)
[2023-09-24T20:44:37.212+0530][gc,marking    ] GC(4) Concurrent Mark From Roots
[2023-09-24T20:44:37.212+0530][gc,task       ] GC(4) Using 2 workers of 2 for marking
[2023-09-24T20:44:37.215+0530][gc,marking    ] GC(4) Concurrent Mark From Roots 3.638ms
[2023-09-24T20:44:37.215+0530][gc,marking    ] GC(4) Concurrent Preclean
[2023-09-24T20:44:37.215+0530][gc,marking    ] GC(4) Concurrent Preclean 0.032ms
[2023-09-24T20:44:37.215+0530][gc,marking    ] GC(4) Concurrent Mark (1.287s, 1.291s) 3.706ms
[2023-09-24T20:44:37.216+0530][gc,start      ] GC(4) Pause Remark
[2023-09-24T20:44:37.217+0530][gc,stringtable] GC(4) Cleaned string and symbol table, strings: 13863 processed, 8 removed, symbols: 102709 processed, 32 removed
[2023-09-24T20:44:37.219+0530][gc            ] GC(4) Pause Remark 141M->141M(1024M) 3.362ms
[2023-09-24T20:44:37.219+0530][gc,cpu        ] GC(4) User=0.01s Sys=0.00s Real=0.00s
[2023-09-24T20:44:37.219+0530][gc,marking    ] GC(4) Concurrent Rebuild Remembered Sets
[2023-09-24T20:44:37.221+0530][gc,marking    ] GC(4) Concurrent Rebuild Remembered Sets 2.310ms
[2023-09-24T20:44:37.222+0530][gc,start      ] GC(4) Pause Cleanup
[2023-09-24T20:44:37.222+0530][gc            ] GC(4) Pause Cleanup 142M->142M(1024M) 0.087ms
[2023-09-24T20:44:37.222+0530][gc,cpu        ] GC(4) User=0.00s Sys=0.00s Real=0.00s
[2023-09-24T20:44:37.222+0530][gc,marking    ] GC(4) Concurrent Cleanup for Next Mark
[2023-09-24T20:44:37.225+0530][gc,marking    ] GC(4) Concurrent Cleanup for Next Mark 2.462ms
[2023-09-24T20:44:37.225+0530][gc            ] GC(4) Concurrent Cycle 14.480ms
[2023-09-24T21:59:15.982+0530][gc,start      ] GC(5) Pause Young (Concurrent Start) (G1 Evacuation Pause)
[2023-09-24T21:59:15.983+0530][gc,task       ] GC(5) Using 8 workers of 8 for evacuation
[2023-09-24T21:59:16.003+0530][gc,phases     ] GC(5)   Pre Evacuate Collection Set: 0.3ms
[2023-09-24T21:59:16.003+0530][gc,phases     ] GC(5)   Evacuate Collection Set: 18.1ms
[2023-09-24T21:59:16.003+0530][gc,phases     ] GC(5)   Post Evacuate Collection Set: 0.4ms
[2023-09-24T21:59:16.003+0530][gc,phases     ] GC(5)   Other: 2.1ms
[2023-09-24T21:59:16.003+0530][gc,heap       ] GC(5) Eden regions: 46->0(46)
[2023-09-24T21:59:16.003+0530][gc,heap       ] GC(5) Survivor regions: 5->5(7)
[2023-09-24T21:59:16.003+0530][gc,heap       ] GC(5) Old regions: 7->9
[2023-09-24T21:59:16.003+0530][gc,heap       ] GC(5) Humongous regions: 129->129
[2023-09-24T21:59:16.003+0530][gc,metaspace  ] GC(5) Metaspace: 39082K(40320K)->39082K(40320K) NonClass: 34696K(35328K)->34696K(35328K) Class: 4385K(4992K)->4385K(4992K)
[2023-09-24T21:59:16.003+0530][gc            ] GC(5) Pause Young (Concurrent Start) (G1 Evacuation Pause) 186M->141M(1024M) 20.914ms
[2023-09-24T21:59:16.003+0530][gc,cpu        ] GC(5) User=0.03s Sys=0.00s Real=0.02s
[2023-09-24T21:59:16.003+0530][gc            ] GC(6) Concurrent Cycle
[2023-09-24T21:59:16.003+0530][gc,marking    ] GC(6) Concurrent Clear Claimed Marks
[2023-09-24T21:59:16.003+0530][gc,marking    ] GC(6) Concurrent Clear Claimed Marks 0.038ms
[2023-09-24T21:59:16.003+0530][gc,marking    ] GC(6) Concurrent Scan Root Regions
[2023-09-24T21:59:16.004+0530][gc,marking    ] GC(6) Concurrent Scan Root Regions 1.368ms
[2023-09-24T21:59:16.004+0530][gc,marking    ] GC(6) Concurrent Mark (2045.964s)
[2023-09-24T21:59:16.004+0530][gc,marking    ] GC(6) Concurrent Mark From Roots
[2023-09-24T21:59:16.004+0530][gc,task       ] GC(6) Using 2 workers of 2 for marking
[2023-09-24T21:59:16.008+0530][gc,marking    ] GC(6) Concurrent Mark From Roots 3.977ms
[2023-09-24T21:59:16.008+0530][gc,marking    ] GC(6) Concurrent Preclean
[2023-09-24T21:59:16.008+0530][gc,marking    ] GC(6) Concurrent Preclean 0.052ms
[2023-09-24T21:59:16.008+0530][gc,marking    ] GC(6) Concurrent Mark (2045.964s, 2045.968s) 4.051ms
[2023-09-24T21:59:16.009+0530][gc,start      ] GC(6) Pause Remark
[2023-09-24T21:59:16.013+0530][gc,stringtable] GC(6) Cleaned string and symbol table, strings: 14740 processed, 236 removed, symbols: 109386 processed, 1 removed
[2023-09-24T21:59:16.013+0530][gc            ] GC(6) Pause Remark 141M->141M(1024M) 4.572ms
[2023-09-24T21:59:16.013+0530][gc,cpu        ] GC(6) User=0.03s Sys=0.00s Real=0.01s
[2023-09-24T21:59:16.013+0530][gc,marking    ] GC(6) Concurrent Rebuild Remembered Sets
[2023-09-24T21:59:16.017+0530][gc,marking    ] GC(6) Concurrent Rebuild Remembered Sets 3.716ms
[2023-09-24T21:59:16.017+0530][gc,start      ] GC(6) Pause Cleanup
[2023-09-24T21:59:16.017+0530][gc            ] GC(6) Pause Cleanup 141M->141M(1024M) 0.095ms
[2023-09-24T21:59:16.017+0530][gc,cpu        ] GC(6) User=0.00s Sys=0.00s Real=0.00s
[2023-09-24T21:59:16.017+0530][gc,marking    ] GC(6) Concurrent Cleanup for Next Mark
[2023-09-24T21:59:16.019+0530][gc,marking    ] GC(6) Concurrent Cleanup for Next Mark 1.670ms
[2023-09-24T21:59:16.019+0530][gc            ] GC(6) Concurrent Cycle 15.924ms
[2023-09-24T22:52:59.528+0530][gc,start      ] GC(7) Pause Young (Normal) (G1 Evacuation Pause)
[2023-09-24T22:52:59.531+0530][gc,task       ] GC(7) Using 8 workers of 8 for evacuation
[2023-09-24T22:52:59.554+0530][gc,mmu        ] GC(7) MMU target violated: 21.0ms (20.0ms/21.0ms)
[2023-09-24T22:52:59.554+0530][gc,phases     ] GC(7)   Pre Evacuate Collection Set: 0.8ms
[2023-09-24T22:52:59.554+0530][gc,phases     ] GC(7)   Evacuate Collection Set: 20.2ms
[2023-09-24T22:52:59.554+0530][gc,phases     ] GC(7)   Post Evacuate Collection Set: 0.7ms
[2023-09-24T22:52:59.554+0530][gc,phases     ] GC(7)   Other: 4.3ms
[2023-09-24T22:52:59.554+0530][gc,heap       ] GC(7) Eden regions: 46->0(49)
[2023-09-24T22:52:59.554+0530][gc,heap       ] GC(7) Survivor regions: 5->2(7)
[2023-09-24T22:52:59.554+0530][gc,heap       ] GC(7) Old regions: 9->12
[2023-09-24T22:52:59.554+0530][gc,heap       ] GC(7) Humongous regions: 129->129
[2023-09-24T22:52:59.554+0530][gc,metaspace  ] GC(7) Metaspace: 39132K(40576K)->39132K(40576K) NonClass: 34758K(35584K)->34758K(35584K) Class: 4373K(4992K)->4373K(4992K)
[2023-09-24T22:52:59.554+0530][gc            ] GC(7) Pause Young (Normal) (G1 Evacuation Pause) 187M->141M(1024M) 25.980ms
[2023-09-24T22:52:59.554+0530][gc,cpu        ] GC(7) User=0.03s Sys=0.00s Real=0.03s
[2023-09-24T23:21:52.475+0530][gc,heap,exit  ] Heap
[2023-09-24T23:21:52.475+0530][gc,heap,exit  ]  garbage-first heap   total 1048576K, used 187845K [0x0000000780000000, 0x00000007c0000000)
[2023-09-24T23:21:52.475+0530][gc,heap,exit  ]   region size 1024K, 46 young (47104K), 2 survivors (2048K)
[2023-09-24T23:21:52.475+0530][gc,heap,exit  ]  Metaspace       used 42347K, capacity 44030K, committed 44288K, reserved 1087488K
[2023-09-24T23:21:52.475+0530][gc,heap,exit  ]   class space    used 5066K, capacity 5862K, committed 5888K, reserved 1048576K
