[2023-09-24T20:41:13.373+0530][gc,heap] Heap region size: 1M
[2023-09-24T20:41:13.375+0530][gc     ] Using G1
[2023-09-24T20:41:13.375+0530][gc,heap,coops] Heap address: 0x0000000780000000, size: 1024 MB, Compressed Oops mode: Zero based, Oop shift amount: 3
[2023-09-24T20:41:14.095+0530][gc,start     ] GC(0) Pause Young (Concurrent Start) (Metadata GC Threshold)
[2023-09-24T20:41:14.095+0530][gc,task      ] GC(0) Using 8 workers of 8 for evacuation
[2023-09-24T20:41:14.099+0530][gc,phases    ] GC(0)   Pre Evacuate Collection Set: 0.0ms
[2023-09-24T20:41:14.099+0530][gc,phases    ] GC(0)   Evacuate Collection Set: 3.5ms
[2023-09-24T20:41:14.099+0530][gc,phases    ] GC(0)   Post Evacuate Collection Set: 0.2ms
[2023-09-24T20:41:14.099+0530][gc,phases    ] GC(0)   Other: 0.3ms
[2023-09-24T20:41:14.099+0530][gc,heap      ] GC(0) Eden regions: 45->0(44)
[2023-09-24T20:41:14.099+0530][gc,heap      ] GC(0) Survivor regions: 0->7(7)
[2023-09-24T20:41:14.099+0530][gc,heap      ] GC(0) Old regions: 0->0
[2023-09-24T20:41:14.099+0530][gc,heap      ] GC(0) Humongous regions: 0->0
[2023-09-24T20:41:14.099+0530][gc,metaspace ] GC(0) Metaspace: 20856K(21248K)->20856K(21248K) NonClass: 18498K(18688K)->18498K(18688K) Class: 2358K(2560K)->2358K(2560K)
[2023-09-24T20:41:14.099+0530][gc           ] GC(0) Pause Young (Concurrent Start) (Metadata GC Threshold) 45M->6M(1024M) 4.040ms
[2023-09-24T20:41:14.099+0530][gc,cpu       ] GC(0) User=0.02s Sys=0.01s Real=0.00s
[2023-09-24T20:41:14.099+0530][gc           ] GC(1) Concurrent Cycle
[2023-09-24T20:41:14.099+0530][gc,marking   ] GC(1) Concurrent Clear Claimed Marks
[2023-09-24T20:41:14.099+0530][gc,marking   ] GC(1) Concurrent Clear Claimed Marks 0.018ms
[2023-09-24T20:41:14.099+0530][gc,marking   ] GC(1) Concurrent Scan Root Regions
[2023-09-24T20:41:14.100+0530][gc,marking   ] GC(1) Concurrent Scan Root Regions 1.104ms
[2023-09-24T20:41:14.100+0530][gc,marking   ] GC(1) Concurrent Mark (0.731s)
[2023-09-24T20:41:14.100+0530][gc,marking   ] GC(1) Concurrent Mark From Roots
[2023-09-24T20:41:14.100+0530][gc,task      ] GC(1) Using 2 workers of 2 for marking
[2023-09-24T20:41:14.100+0530][gc,marking   ] GC(1) Concurrent Mark From Roots 0.095ms
[2023-09-24T20:41:14.100+0530][gc,marking   ] GC(1) Concurrent Preclean
[2023-09-24T20:41:14.100+0530][gc,marking   ] GC(1) Concurrent Preclean 0.018ms
[2023-09-24T20:41:14.100+0530][gc,marking   ] GC(1) Concurrent Mark (0.731s, 0.731s) 0.143ms
[2023-09-24T20:41:14.100+0530][gc,start     ] GC(1) Pause Remark
[2023-09-24T20:41:14.101+0530][gc,stringtable] GC(1) Cleaned string and symbol table, strings: 7557 processed, 0 removed, symbols: 66175 processed, 32 removed
[2023-09-24T20:41:14.101+0530][gc            ] GC(1) Pause Remark 7M->7M(1024M) 1.020ms
[2023-09-24T20:41:14.101+0530][gc,cpu        ] GC(1) User=0.00s Sys=0.00s Real=0.00s
[2023-09-24T20:41:14.101+0530][gc,marking    ] GC(1) Concurrent Rebuild Remembered Sets
[2023-09-24T20:41:14.101+0530][gc,marking    ] GC(1) Concurrent Rebuild Remembered Sets 0.028ms
[2023-09-24T20:41:14.101+0530][gc,start      ] GC(1) Pause Cleanup
[2023-09-24T20:41:14.101+0530][gc            ] GC(1) Pause Cleanup 7M->7M(1024M) 0.095ms
[2023-09-24T20:41:14.101+0530][gc,cpu        ] GC(1) User=0.01s Sys=0.00s Real=0.00s
[2023-09-24T20:41:14.101+0530][gc,marking    ] GC(1) Concurrent Cleanup for Next Mark
[2023-09-24T20:41:14.103+0530][gc,marking    ] GC(1) Concurrent Cleanup for Next Mark 1.519ms
[2023-09-24T20:41:14.103+0530][gc            ] GC(1) Concurrent Cycle 4.228ms
[2023-09-24T20:41:14.470+0530][gc,start      ] GC(2) Pause Young (Normal) (G1 Evacuation Pause)
[2023-09-24T20:41:14.470+0530][gc,task       ] GC(2) Using 8 workers of 8 for evacuation
[2023-09-24T20:41:14.475+0530][gc,phases     ] GC(2)   Pre Evacuate Collection Set: 0.0ms
[2023-09-24T20:41:14.475+0530][gc,phases     ] GC(2)   Evacuate Collection Set: 5.0ms
[2023-09-24T20:41:14.475+0530][gc,phases     ] GC(2)   Post Evacuate Collection Set: 0.2ms
[2023-09-24T20:41:14.475+0530][gc,phases     ] GC(2)   Other: 0.1ms
[2023-09-24T20:41:14.475+0530][gc,heap       ] GC(2) Eden regions: 44->0(48)
[2023-09-24T20:41:14.475+0530][gc,heap       ] GC(2) Survivor regions: 7->3(7)
[2023-09-24T20:41:14.475+0530][gc,heap       ] GC(2) Old regions: 0->7
[2023-09-24T20:41:14.475+0530][gc,heap       ] GC(2) Humongous regions: 129->129
[2023-09-24T20:41:14.475+0530][gc,metaspace  ] GC(2) Metaspace: 30753K(31744K)->30753K(31744K) NonClass: 27282K(27904K)->27282K(27904K) Class: 3471K(3840K)->3471K(3840K)
[2023-09-24T20:41:14.475+0530][gc            ] GC(2) Pause Young (Normal) (G1 Evacuation Pause) 179M->137M(1024M) 5.533ms
[2023-09-24T20:41:14.475+0530][gc,cpu        ] GC(2) User=0.03s Sys=0.01s Real=0.00s
[2023-09-24T20:41:14.661+0530][gc,start      ] GC(3) Pause Young (Concurrent Start) (GCLocker Initiated GC)
[2023-09-24T20:41:14.661+0530][gc,task       ] GC(3) Using 8 workers of 8 for evacuation
[2023-09-24T20:41:14.663+0530][gc,phases     ] GC(3)   Pre Evacuate Collection Set: 0.0ms
[2023-09-24T20:41:14.663+0530][gc,phases     ] GC(3)   Evacuate Collection Set: 1.8ms
[2023-09-24T20:41:14.663+0530][gc,phases     ] GC(3)   Post Evacuate Collection Set: 0.1ms
[2023-09-24T20:41:14.663+0530][gc,phases     ] GC(3)   Other: 0.1ms
[2023-09-24T20:41:14.663+0530][gc,heap       ] GC(3) Eden regions: 25->0(46)
[2023-09-24T20:41:14.663+0530][gc,heap       ] GC(3) Survivor regions: 3->5(7)
[2023-09-24T20:41:14.663+0530][gc,heap       ] GC(3) Old regions: 7->7
[2023-09-24T20:41:14.663+0530][gc,heap       ] GC(3) Humongous regions: 129->129
[2023-09-24T20:41:14.663+0530][gc,metaspace  ] GC(3) Metaspace: 34951K(36096K)->34951K(36096K) NonClass: 31035K(31744K)->31035K(31744K) Class: 3915K(4352K)->3915K(4352K)
[2023-09-24T20:41:14.663+0530][gc            ] GC(3) Pause Young (Concurrent Start) (GCLocker Initiated GC) 162M->140M(1024M) 2.109ms
[2023-09-24T20:41:14.663+0530][gc,cpu        ] GC(3) User=0.02s Sys=0.00s Real=0.00s
[2023-09-24T20:41:14.663+0530][gc            ] GC(4) Concurrent Cycle
[2023-09-24T20:41:14.663+0530][gc,marking    ] GC(4) Concurrent Clear Claimed Marks
[2023-09-24T20:41:14.663+0530][gc,marking    ] GC(4) Concurrent Clear Claimed Marks 0.017ms
[2023-09-24T20:41:14.663+0530][gc,marking    ] GC(4) Concurrent Scan Root Regions
[2023-09-24T20:41:14.664+0530][gc,marking    ] GC(4) Concurrent Scan Root Regions 1.176ms
[2023-09-24T20:41:14.664+0530][gc,marking    ] GC(4) Concurrent Mark (1.295s)
[2023-09-24T20:41:14.664+0530][gc,marking    ] GC(4) Concurrent Mark From Roots
[2023-09-24T20:41:14.664+0530][gc,task       ] GC(4) Using 2 workers of 2 for marking
[2023-09-24T20:41:14.668+0530][gc,marking    ] GC(4) Concurrent Mark From Roots 3.498ms
[2023-09-24T20:41:14.668+0530][gc,marking    ] GC(4) Concurrent Preclean
[2023-09-24T20:41:14.668+0530][gc,marking    ] GC(4) Concurrent Preclean 0.036ms
[2023-09-24T20:41:14.668+0530][gc,marking    ] GC(4) Concurrent Mark (1.295s, 1.299s) 3.567ms
[2023-09-24T20:41:14.668+0530][gc,start      ] GC(4) Pause Remark
[2023-09-24T20:41:14.669+0530][gc,stringtable] GC(4) Cleaned string and symbol table, strings: 13922 processed, 8 removed, symbols: 102694 processed, 31 removed
[2023-09-24T20:41:14.669+0530][gc            ] GC(4) Pause Remark 141M->141M(1024M) 1.166ms
[2023-09-24T20:41:14.669+0530][gc,cpu        ] GC(4) User=0.01s Sys=0.00s Real=0.00s
[2023-09-24T20:41:14.669+0530][gc,marking    ] GC(4) Concurrent Rebuild Remembered Sets
[2023-09-24T20:41:14.671+0530][gc,marking    ] GC(4) Concurrent Rebuild Remembered Sets 2.077ms
[2023-09-24T20:41:14.674+0530][gc,start      ] GC(4) Pause Cleanup
[2023-09-24T20:41:14.674+0530][gc            ] GC(4) Pause Cleanup 141M->141M(1024M) 0.129ms
[2023-09-24T20:41:14.674+0530][gc,cpu        ] GC(4) User=0.00s Sys=0.00s Real=0.00s
[2023-09-24T20:41:14.674+0530][gc,marking    ] GC(4) Concurrent Cleanup for Next Mark
[2023-09-24T20:41:14.676+0530][gc,marking    ] GC(4) Concurrent Cleanup for Next Mark 1.827ms
[2023-09-24T20:41:14.676+0530][gc            ] GC(4) Concurrent Cycle 13.173ms
[2023-09-24T20:41:23.389+0530][gc,heap,exit  ] Heap
[2023-09-24T20:41:23.389+0530][gc,heap,exit  ]  garbage-first heap   total 1048576K, used 167091K [0x0000000780000000, 0x00000007c0000000)
[2023-09-24T20:41:23.389+0530][gc,heap,exit  ]   region size 1024K, 30 young (30720K), 5 survivors (5120K)
[2023-09-24T20:41:23.389+0530][gc,heap,exit  ]  Metaspace       used 39374K, capacity 40581K, committed 40704K, reserved 1085440K
[2023-09-24T20:41:23.389+0530][gc,heap,exit  ]   class space    used 4515K, capacity 5099K, committed 5120K, reserved 1048576K
